

================================================================
== Vivado HLS Report for 'detection_head'
================================================================
* Date:           Tue Jun  9 11:55:01 2026

* Version:        2018.3 (Build 2405991 on Thu Dec 06 23:56:15 MST 2018)
* Project:        finalproj
* Solution:       solution1
* Product family: zynq
* Target device:  xc7z020clg484-1


================================================================
== Performance Estimates
================================================================
+ Timing (ns): 
    * Summary: 
    +--------+-------+----------+------------+
    |  Clock | Target| Estimated| Uncertainty|
    +--------+-------+----------+------------+
    |ap_clk  |  10.00|     8.677|        1.25|
    +--------+-------+----------+------------+

+ Latency (clock cycles): 
    * Summary: 
    +------+------+------+------+---------+
    |   Latency   |   Interval  | Pipeline|
    |  min |  max |  min |  max |   Type  |
    +------+------+------+------+---------+
    |  4290|  4290|  4290|  4290|   none  |
    +------+------+------+------+---------+

    + Detail: 
        * Instance: 
        N/A

        * Loop: 
        +----------+------+------+----------+-----------+-----------+------+----------+
        |          |   Latency   | Iteration|  Initiation Interval  | Trip |          |
        | Loop Name|  min |  max |  Latency |  achieved |   target  | Count| Pipelined|
        +----------+------+------+----------+-----------+-----------+------+----------+
        |- Loop 1  |  4288|  4288|       225|         32|          1|   128|    yes   |
        +----------+------+------+----------+-----------+-----------+------+----------+



================================================================
== Utilization Estimates
================================================================
* Summary: 
+-----------------+---------+-------+--------+-------+
|       Name      | BRAM_18K| DSP48E|   FF   |  LUT  |
+-----------------+---------+-------+--------+-------+
|DSP              |        -|      -|       -|      -|
|Expression       |        -|      -|       0|    475|
|FIFO             |        -|      -|       -|      -|
|Instance         |        -|     49|    4027|   7996|
|Memory           |        -|      -|       -|      -|
|Multiplexer      |        -|      -|       -|   2288|
|Register         |        0|      -|   22224|   4960|
+-----------------+---------+-------+--------+-------+
|Total            |        0|     49|   26251|  15719|
+-----------------+---------+-------+--------+-------+
|Available        |      280|    220|  106400|  53200|
+-----------------+---------+-------+--------+-------+
|Utilization (%)  |        0|     22|      24|     29|
+-----------------+---------+-------+--------+-------+

+ Detail: 
    * Instance: 
    +---------------------------+----------------------+---------+-------+-----+-----+
    |          Instance         |        Module        | BRAM_18K| DSP48E|  FF | LUT |
    +---------------------------+----------------------+---------+-------+-----+-----+
    |topp_fadd_32ns_32bkb_U191  |topp_fadd_32ns_32bkb  |        0|      2|  205|  390|
    |topp_fadd_32ns_32bkb_U192  |topp_fadd_32ns_32bkb  |        0|      2|  205|  390|
    |topp_fadd_32ns_32bkb_U193  |topp_fadd_32ns_32bkb  |        0|      2|  205|  390|
    |topp_fadd_32ns_32bkb_U194  |topp_fadd_32ns_32bkb  |        0|      2|  205|  390|
    |topp_fadd_32ns_32bkb_U195  |topp_fadd_32ns_32bkb  |        0|      2|  205|  390|
    |topp_fadd_32ns_32bkb_U196  |topp_fadd_32ns_32bkb  |        0|      2|  205|  390|
    |topp_fadd_32ns_32bkb_U197  |topp_fadd_32ns_32bkb  |        0|      2|  205|  390|
    |topp_fadd_32ns_32bkb_U198  |topp_fadd_32ns_32bkb  |        0|      2|  205|  390|
    |topp_fadd_32ns_32bkb_U199  |topp_fadd_32ns_32bkb  |        0|      2|  205|  390|
    |topp_fdiv_32ns_32eOg_U208  |topp_fdiv_32ns_32eOg  |        0|      0|  761|  994|
    |topp_fexp_32ns_32fYi_U209  |topp_fexp_32ns_32fYi  |        0|      7|  277|  924|
    |topp_fmul_32ns_32cud_U200  |topp_fmul_32ns_32cud  |        0|      3|  143|  321|
    |topp_fmul_32ns_32cud_U201  |topp_fmul_32ns_32cud  |        0|      3|  143|  321|
    |topp_fmul_32ns_32cud_U202  |topp_fmul_32ns_32cud  |        0|      3|  143|  321|
    |topp_fmul_32ns_32cud_U203  |topp_fmul_32ns_32cud  |        0|      3|  143|  321|
    |topp_fmul_32ns_32cud_U204  |topp_fmul_32ns_32cud  |        0|      3|  143|  321|
    |topp_fmul_32ns_32cud_U205  |topp_fmul_32ns_32cud  |        0|      3|  143|  321|
    |topp_fmul_32ns_32cud_U206  |topp_fmul_32ns_32cud  |        0|      3|  143|  321|
    |topp_fmul_32ns_32cud_U207  |topp_fmul_32ns_32cud  |        0|      3|  143|  321|
    +---------------------------+----------------------+---------+-------+-----+-----+
    |Total                      |                      |        0|     49| 4027| 7996|
    +---------------------------+----------------------+---------+-------+-----+-----+

    * DSP48: 
    N/A

    * Memory: 
    N/A

    * FIFO: 
    N/A

    * Expression: 
    +-----------------------------------+----------+-------+---+----+------------+------------+
    |           Variable Name           | Operation| DSP48E| FF| LUT| Bitwidth P0| Bitwidth P1|
    +-----------------------------------+----------+-------+---+----+------------+------------+
    |indvar_flatten_next_fu_860_p2      |     +    |      0|  0|  15|           8|           1|
    |oc_fu_866_p2                       |     +    |      0|  0|  15|           5|           1|
    |r_fu_894_p2                        |     +    |      0|  0|  13|           4|           1|
    |tmp_11_fu_1131_p2                  |     +    |      0|  0|  12|          12|          12|
    |tmp_15_fu_1154_p2                  |     +    |      0|  0|  12|          12|          12|
    |tmp_5_fu_1056_p2                   |     +    |      0|  0|  12|          12|          12|
    |tmp_s_fu_1094_p2                   |     +    |      0|  0|  12|          12|          12|
    |ap_block_pp0_stage0_11001          |    and   |      0|  0|   2|           1|           1|
    |ap_block_pp0_stage10_11001         |    and   |      0|  0|   2|           1|           1|
    |exitcond2_i_fu_872_p2              |   icmp   |      0|  0|  11|           4|           5|
    |exitcond_flatten_fu_854_p2         |   icmp   |      0|  0|  13|           8|           9|
    |ap_block_state1                    |    or    |      0|  0|   2|           1|           1|
    |ap_block_state10_pp0_stage8_iter0  |    or    |      0|  0|   2|           1|           1|
    |tmp_10_fu_1118_p2                  |    or    |      0|  0|  11|          11|           7|
    |tmp_12_fu_1159_p2                  |    or    |      0|  0|  11|          11|           7|
    |tmp_14_fu_1141_p2                  |    or    |      0|  0|  11|          11|           7|
    |tmp_3_fu_1042_p2                   |    or    |      0|  0|  11|          11|           5|
    |tmp_4_fu_1104_p2                   |    or    |      0|  0|  11|          11|           7|
    |tmp_6_fu_1067_p2                   |    or    |      0|  0|  11|          11|           6|
    |tmp_8_fu_1081_p2                   |    or    |      0|  0|  11|          11|           6|
    |r_i_mid2_fu_878_p3                 |  select  |      0|  0|   4|           1|           1|
    |tmp_i_mid2_v_fu_886_p3             |  select  |      0|  0|   5|           1|           5|
    |ap_enable_pp0                      |    xor   |      0|  0|   2|           1|           2|
    |tmp_22_neg_1_i_fu_918_p2           |    xor   |      0|  0|  33|          32|          33|
    |tmp_22_neg_2_i_fu_933_p2           |    xor   |      0|  0|  33|          32|          33|
    |tmp_22_neg_3_i_fu_948_p2           |    xor   |      0|  0|  33|          32|          33|
    |tmp_22_neg_4_i_fu_963_p2           |    xor   |      0|  0|  33|          32|          33|
    |tmp_22_neg_5_i_fu_978_p2           |    xor   |      0|  0|  33|          32|          33|
    |tmp_22_neg_6_i_fu_993_p2           |    xor   |      0|  0|  33|          32|          33|
    |tmp_22_neg_7_i_fu_1008_p2          |    xor   |      0|  0|  33|          32|          33|
    |tmp_22_neg_i_fu_903_p2             |    xor   |      0|  0|  33|          32|          33|
    +-----------------------------------+----------+-------+---+----+------------+------------+
    |Total                              |          |      0|  0| 475|         417|         386|
    +-----------------------------------+----------+-------+---+----+------------+------------+

    * Multiplexer: 
    +-----------------------------------------+-----+-----------+-----+-----------+
    |                   Name                  | LUT | Input Size| Bits| Total Bits|
    +-----------------------------------------+-----+-----------+-----+-----------+
    |ap_NS_fsm                                |  157|         35|    1|         35|
    |ap_done                                  |    9|          2|    1|          2|
    |ap_enable_reg_pp0_iter7                  |    9|          2|    1|          2|
    |ap_phi_mux_indvar_flatten_phi_fu_225_p4  |    9|          2|    8|         16|
    |ap_phi_mux_oc_i_phi_fu_236_p4            |    9|          2|    5|         10|
    |ap_phi_mux_r_i_phi_fu_247_p4             |    9|          2|    4|          8|
    |f5_0_blk_n                               |    9|          2|    1|          2|
    |f5_1_blk_n                               |    9|          2|    1|          2|
    |f5_2_blk_n                               |    9|          2|    1|          2|
    |f5_3_blk_n                               |    9|          2|    1|          2|
    |f5_4_blk_n                               |    9|          2|    1|          2|
    |f5_5_blk_n                               |    9|          2|    1|          2|
    |f5_6_blk_n                               |    9|          2|    1|          2|
    |f5_7_blk_n                               |    9|          2|    1|          2|
    |grp_fu_254_p0                            |   44|          9|   32|        288|
    |grp_fu_254_p1                            |  121|         26|   32|        832|
    |grp_fu_259_p0                            |   53|         12|   32|        384|
    |grp_fu_259_p1                            |  141|         31|   32|        992|
    |grp_fu_264_p0                            |   56|         13|   32|        416|
    |grp_fu_264_p1                            |  149|         33|   32|       1056|
    |grp_fu_268_p0                            |   56|         13|   32|        416|
    |grp_fu_268_p1                            |  149|         33|   32|       1056|
    |grp_fu_272_p0                            |   56|         13|   32|        416|
    |grp_fu_272_p1                            |  149|         33|   32|       1056|
    |grp_fu_276_p0                            |   56|         13|   32|        416|
    |grp_fu_276_p1                            |  149|         33|   32|       1056|
    |grp_fu_280_p0                            |   56|         13|   32|        416|
    |grp_fu_280_p1                            |  149|         33|   32|       1056|
    |grp_fu_284_p0                            |   62|         15|   32|        480|
    |grp_fu_284_p1                            |  145|         32|   32|       1024|
    |grp_fu_289_p0                            |   27|          5|   32|        160|
    |grp_fu_289_p1                            |   21|          4|   32|        128|
    |grp_fu_294_p0                            |   27|          5|   32|        160|
    |grp_fu_299_p0                            |   27|          5|   32|        160|
    |grp_fu_304_p0                            |   27|          5|   32|        160|
    |grp_fu_309_p0                            |   27|          5|   32|        160|
    |grp_fu_314_p0                            |   27|          5|   32|        160|
    |grp_fu_319_p0                            |   27|          5|   32|        160|
    |grp_fu_324_p0                            |   27|          5|   32|        160|
    |grp_fu_329_p0                            |   27|          5|   32|        160|
    |grp_fu_334_p1                            |   44|          9|   32|        288|
    |grp_fu_339_p1                            |   44|          9|   32|        288|
    |indvar_flatten_reg_221                   |    9|          2|    8|         16|
    |oc_i_reg_232                             |    9|          2|    5|         10|
    |out_r_address0                           |   44|          9|   10|         90|
    |r_i_reg_243                              |    9|          2|    4|          8|
    +-----------------------------------------+-----+-----------+-----+-----------+
    |Total                                    | 2288|        498|  951|      13717|
    +-----------------------------------------+-----+-----------+-----+-----------+

    * Register: 
    +---------------------------------------+-----+----+-----+-----------+
    |                  Name                 |  FF | LUT| Bits| Const Bits|
    +---------------------------------------+-----+----+-----+-----------+
    |ap_CS_fsm                              |   34|   0|   34|          0|
    |ap_done_reg                            |    1|   0|    1|          0|
    |ap_enable_reg_pp0_iter0                |    1|   0|    1|          0|
    |ap_enable_reg_pp0_iter1                |    1|   0|    1|          0|
    |ap_enable_reg_pp0_iter2                |    1|   0|    1|          0|
    |ap_enable_reg_pp0_iter3                |    1|   0|    1|          0|
    |ap_enable_reg_pp0_iter4                |    1|   0|    1|          0|
    |ap_enable_reg_pp0_iter5                |    1|   0|    1|          0|
    |ap_enable_reg_pp0_iter6                |    1|   0|    1|          0|
    |ap_enable_reg_pp0_iter7                |    1|   0|    1|          0|
    |exitcond_flatten_reg_1177              |    1|   0|    1|          0|
    |indvar_flatten_next_reg_1181           |    8|   0|    8|          0|
    |indvar_flatten_reg_221                 |    8|   0|    8|          0|
    |oc_i_reg_232                           |    5|   0|    5|          0|
    |r_i_mid2_reg_1186                      |    4|   0|    4|          0|
    |r_i_reg_243                            |    4|   0|    4|          0|
    |r_reg_2180                             |    4|   0|    4|          0|
    |reg_344                                |   32|   0|   32|          0|
    |reg_349                                |   32|   0|   32|          0|
    |reg_354                                |   32|   0|   32|          0|
    |reg_359                                |   32|   0|   32|          0|
    |reg_364                                |   32|   0|   32|          0|
    |reg_369                                |   32|   0|   32|          0|
    |reg_374                                |   32|   0|   32|          0|
    |reg_379                                |   32|   0|   32|          0|
    |reg_384                                |   32|   0|   32|          0|
    |reg_389                                |   32|   0|   32|          0|
    |reg_394                                |   32|   0|   32|          0|
    |reg_399                                |   32|   0|   32|          0|
    |reg_404                                |   32|   0|   32|          0|
    |reg_409                                |   32|   0|   32|          0|
    |reg_414                                |   32|   0|   32|          0|
    |reg_419                                |   32|   0|   32|          0|
    |reg_424                                |   32|   0|   32|          0|
    |reg_429                                |   32|   0|   32|          0|
    |reg_434                                |   32|   0|   32|          0|
    |reg_439                                |   32|   0|   32|          0|
    |reg_444                                |   32|   0|   32|          0|
    |reg_449                                |   32|   0|   32|          0|
    |reg_454                                |   32|   0|   32|          0|
    |reg_459                                |   32|   0|   32|          0|
    |reg_464                                |   32|   0|   32|          0|
    |reg_469                                |   32|   0|   32|          0|
    |reg_474                                |   32|   0|   32|          0|
    |reg_479                                |   32|   0|   32|          0|
    |reg_484                                |   32|   0|   32|          0|
    |reg_489                                |   32|   0|   32|          0|
    |reg_494                                |   32|   0|   32|          0|
    |reg_499                                |   32|   0|   32|          0|
    |reg_504                                |   32|   0|   32|          0|
    |reg_510                                |   32|   0|   32|          0|
    |reg_515                                |   32|   0|   32|          0|
    |reg_520                                |   32|   0|   32|          0|
    |reg_526                                |   32|   0|   32|          0|
    |reg_531                                |   32|   0|   32|          0|
    |reg_537                                |   32|   0|   32|          0|
    |reg_542                                |   32|   0|   32|          0|
    |reg_548                                |   32|   0|   32|          0|
    |reg_554                                |   32|   0|   32|          0|
    |reg_559                                |   32|   0|   32|          0|
    |reg_565                                |   32|   0|   32|          0|
    |reg_570                                |   32|   0|   32|          0|
    |reg_576                                |   32|   0|   32|          0|
    |reg_582                                |   32|   0|   32|          0|
    |reg_588                                |   32|   0|   32|          0|
    |reg_594                                |   32|   0|   32|          0|
    |reg_600                                |   32|   0|   32|          0|
    |reg_606                                |   32|   0|   32|          0|
    |reg_612                                |   32|   0|   32|          0|
    |reg_618                                |   32|   0|   32|          0|
    |reg_624                                |   32|   0|   32|          0|
    |reg_630                                |   32|   0|   32|          0|
    |reg_636                                |   32|   0|   32|          0|
    |reg_642                                |   32|   0|   32|          0|
    |reg_648                                |   32|   0|   32|          0|
    |reg_654                                |   32|   0|   32|          0|
    |reg_660                                |   32|   0|   32|          0|
    |reg_666                                |   32|   0|   32|          0|
    |reg_672                                |   32|   0|   32|          0|
    |reg_678                                |   32|   0|   32|          0|
    |reg_684                                |   32|   0|   32|          0|
    |reg_690                                |   32|   0|   32|          0|
    |reg_696                                |   32|   0|   32|          0|
    |reg_702                                |   32|   0|   32|          0|
    |reg_708                                |   32|   0|   32|          0|
    |reg_714                                |   32|   0|   32|          0|
    |reg_720                                |   32|   0|   32|          0|
    |reg_726                                |   32|   0|   32|          0|
    |reg_732                                |   32|   0|   32|          0|
    |reg_738                                |   32|   0|   32|          0|
    |reg_744                                |   32|   0|   32|          0|
    |reg_750                                |   32|   0|   32|          0|
    |reg_756                                |   32|   0|   32|          0|
    |reg_762                                |   32|   0|   32|          0|
    |reg_768                                |   32|   0|   32|          0|
    |reg_774                                |   32|   0|   32|          0|
    |reg_780                                |   32|   0|   32|          0|
    |reg_786                                |   32|   0|   32|          0|
    |reg_792                                |   32|   0|   32|          0|
    |reg_798                                |   32|   0|   32|          0|
    |reg_803                                |   32|   0|   32|          0|
    |reg_809                                |   32|   0|   32|          0|
    |reg_815                                |   32|   0|   32|          0|
    |reg_820                                |   32|   0|   32|          0|
    |reg_825                                |   32|   0|   32|          0|
    |reg_831                                |   32|   0|   32|          0|
    |reg_837                                |   32|   0|   32|          0|
    |reg_843                                |   32|   0|   32|          0|
    |reg_849                                |   32|   0|   32|          0|
    |sum_1_0_29_i_reg_2375                  |   32|   0|   32|          0|
    |tmp_15_reg_2471                        |   12|   0|   12|          0|
    |tmp_1_reg_2435                         |    9|   0|   11|          2|
    |tmp_24_1_i_reg_2410                    |   32|   0|   32|          0|
    |tmp_24_4_i_reg_2430                    |   32|   0|   32|          0|
    |tmp_24_5_i_reg_2442                    |   32|   0|   32|          0|
    |tmp_24_6_i_reg_2461                    |   32|   0|   32|          0|
    |tmp_24_7_i_reg_2466                    |   32|   0|   32|          0|
    |tmp_24_i_reg_2400                      |   32|   0|   32|          0|
    |tmp_27_0_10_i_reg_1240                 |   32|   0|   32|          0|
    |tmp_27_0_10_i_reg_1240_pp0_iter1_reg   |   32|   0|   32|          0|
    |tmp_27_0_11_i_reg_1245                 |   32|   0|   32|          0|
    |tmp_27_0_11_i_reg_1245_pp0_iter1_reg   |   32|   0|   32|          0|
    |tmp_27_0_12_i_reg_1250                 |   32|   0|   32|          0|
    |tmp_27_0_13_i_reg_1255                 |   32|   0|   32|          0|
    |tmp_27_0_14_i_reg_1260                 |   32|   0|   32|          0|
    |tmp_27_0_15_i_reg_1265                 |   32|   0|   32|          0|
    |tmp_27_0_16_i_reg_1270                 |   32|   0|   32|          0|
    |tmp_27_0_17_i_reg_1275                 |   32|   0|   32|          0|
    |tmp_27_0_18_i_reg_1280                 |   32|   0|   32|          0|
    |tmp_27_0_19_i_reg_1285                 |   32|   0|   32|          0|
    |tmp_27_0_20_i_reg_1290                 |   32|   0|   32|          0|
    |tmp_27_0_21_i_reg_1295                 |   32|   0|   32|          0|
    |tmp_27_0_22_i_reg_1300                 |   32|   0|   32|          0|
    |tmp_27_0_23_i_reg_1305                 |   32|   0|   32|          0|
    |tmp_27_0_24_i_reg_1310                 |   32|   0|   32|          0|
    |tmp_27_0_25_i_reg_1315                 |   32|   0|   32|          0|
    |tmp_27_0_26_i_reg_1320                 |   32|   0|   32|          0|
    |tmp_27_0_27_i_reg_1325                 |   32|   0|   32|          0|
    |tmp_27_0_28_i_reg_1330                 |   32|   0|   32|          0|
    |tmp_27_0_29_i_reg_1335                 |   32|   0|   32|          0|
    |tmp_27_0_30_i_reg_1340                 |   32|   0|   32|          0|
    |tmp_27_0_3_i_reg_1200                  |   32|   0|   32|          0|
    |tmp_27_0_4_i_reg_1205                  |   32|   0|   32|          0|
    |tmp_27_0_5_i_reg_1210                  |   32|   0|   32|          0|
    |tmp_27_0_6_i_reg_1215                  |   32|   0|   32|          0|
    |tmp_27_0_7_i_reg_1220                  |   32|   0|   32|          0|
    |tmp_27_0_7_i_reg_1220_pp0_iter1_reg    |   32|   0|   32|          0|
    |tmp_27_0_8_i_reg_1225                  |   32|   0|   32|          0|
    |tmp_27_0_8_i_reg_1225_pp0_iter1_reg    |   32|   0|   32|          0|
    |tmp_27_0_9_i_reg_1230                  |   32|   0|   32|          0|
    |tmp_27_0_9_i_reg_1230_pp0_iter1_reg    |   32|   0|   32|          0|
    |tmp_27_0_i_284_reg_1235                |   32|   0|   32|          0|
    |tmp_27_0_i_284_reg_1235_pp0_iter1_reg  |   32|   0|   32|          0|
    |tmp_27_1_10_i_reg_1385                 |   32|   0|   32|          0|
    |tmp_27_1_10_i_reg_1385_pp0_iter1_reg   |   32|   0|   32|          0|
    |tmp_27_1_11_i_reg_1390                 |   32|   0|   32|          0|
    |tmp_27_1_11_i_reg_1390_pp0_iter1_reg   |   32|   0|   32|          0|
    |tmp_27_1_12_i_reg_1395                 |   32|   0|   32|          0|
    |tmp_27_1_13_i_reg_1400                 |   32|   0|   32|          0|
    |tmp_27_1_14_i_reg_1405                 |   32|   0|   32|          0|
    |tmp_27_1_15_i_reg_1410                 |   32|   0|   32|          0|
    |tmp_27_1_16_i_reg_1415                 |   32|   0|   32|          0|
    |tmp_27_1_17_i_reg_1420                 |   32|   0|   32|          0|
    |tmp_27_1_18_i_reg_1425                 |   32|   0|   32|          0|
    |tmp_27_1_19_i_reg_1430                 |   32|   0|   32|          0|
    |tmp_27_1_20_i_reg_1435                 |   32|   0|   32|          0|
    |tmp_27_1_21_i_reg_1440                 |   32|   0|   32|          0|
    |tmp_27_1_22_i_reg_1445                 |   32|   0|   32|          0|
    |tmp_27_1_23_i_reg_1450                 |   32|   0|   32|          0|
    |tmp_27_1_24_i_reg_1455                 |   32|   0|   32|          0|
    |tmp_27_1_25_i_reg_1460                 |   32|   0|   32|          0|
    |tmp_27_1_26_i_reg_1465                 |   32|   0|   32|          0|
    |tmp_27_1_27_i_reg_1470                 |   32|   0|   32|          0|
    |tmp_27_1_28_i_reg_1475                 |   32|   0|   32|          0|
    |tmp_27_1_29_i_reg_1480                 |   32|   0|   32|          0|
    |tmp_27_1_30_i_reg_1485                 |   32|   0|   32|          0|
    |tmp_27_1_3_i_reg_1345                  |   32|   0|   32|          0|
    |tmp_27_1_4_i_reg_1350                  |   32|   0|   32|          0|
    |tmp_27_1_5_i_reg_1355                  |   32|   0|   32|          0|
    |tmp_27_1_6_i_reg_1360                  |   32|   0|   32|          0|
    |tmp_27_1_7_i_reg_1365                  |   32|   0|   32|          0|
    |tmp_27_1_7_i_reg_1365_pp0_iter1_reg    |   32|   0|   32|          0|
    |tmp_27_1_8_i_reg_1370                  |   32|   0|   32|          0|
    |tmp_27_1_8_i_reg_1370_pp0_iter1_reg    |   32|   0|   32|          0|
    |tmp_27_1_9_i_reg_1375                  |   32|   0|   32|          0|
    |tmp_27_1_9_i_reg_1375_pp0_iter1_reg    |   32|   0|   32|          0|
    |tmp_27_1_i_286_reg_1380                |   32|   0|   32|          0|
    |tmp_27_1_i_286_reg_1380_pp0_iter1_reg  |   32|   0|   32|          0|
    |tmp_27_2_10_i_reg_1530                 |   32|   0|   32|          0|
    |tmp_27_2_10_i_reg_1530_pp0_iter1_reg   |   32|   0|   32|          0|
    |tmp_27_2_11_i_reg_1535                 |   32|   0|   32|          0|
    |tmp_27_2_11_i_reg_1535_pp0_iter1_reg   |   32|   0|   32|          0|
    |tmp_27_2_12_i_reg_1540                 |   32|   0|   32|          0|
    |tmp_27_2_13_i_reg_1545                 |   32|   0|   32|          0|
    |tmp_27_2_14_i_reg_1550                 |   32|   0|   32|          0|
    |tmp_27_2_15_i_reg_1555                 |   32|   0|   32|          0|
    |tmp_27_2_16_i_reg_1560                 |   32|   0|   32|          0|
    |tmp_27_2_17_i_reg_1565                 |   32|   0|   32|          0|
    |tmp_27_2_18_i_reg_1570                 |   32|   0|   32|          0|
    |tmp_27_2_19_i_reg_1575                 |   32|   0|   32|          0|
    |tmp_27_2_20_i_reg_1580                 |   32|   0|   32|          0|
    |tmp_27_2_21_i_reg_1585                 |   32|   0|   32|          0|
    |tmp_27_2_22_i_reg_1590                 |   32|   0|   32|          0|
    |tmp_27_2_23_i_reg_1595                 |   32|   0|   32|          0|
    |tmp_27_2_24_i_reg_1600                 |   32|   0|   32|          0|
    |tmp_27_2_25_i_reg_1605                 |   32|   0|   32|          0|
    |tmp_27_2_26_i_reg_1610                 |   32|   0|   32|          0|
    |tmp_27_2_27_i_reg_1615                 |   32|   0|   32|          0|
    |tmp_27_2_28_i_reg_1620                 |   32|   0|   32|          0|
    |tmp_27_2_29_i_reg_1625                 |   32|   0|   32|          0|
    |tmp_27_2_30_i_reg_1630                 |   32|   0|   32|          0|
    |tmp_27_2_3_i_reg_1490                  |   32|   0|   32|          0|
    |tmp_27_2_4_i_reg_1495                  |   32|   0|   32|          0|
    |tmp_27_2_5_i_reg_1500                  |   32|   0|   32|          0|
    |tmp_27_2_6_i_reg_1505                  |   32|   0|   32|          0|
    |tmp_27_2_7_i_reg_1510                  |   32|   0|   32|          0|
    |tmp_27_2_7_i_reg_1510_pp0_iter1_reg    |   32|   0|   32|          0|
    |tmp_27_2_8_i_reg_1515                  |   32|   0|   32|          0|
    |tmp_27_2_8_i_reg_1515_pp0_iter1_reg    |   32|   0|   32|          0|
    |tmp_27_2_9_i_reg_1520                  |   32|   0|   32|          0|
    |tmp_27_2_9_i_reg_1520_pp0_iter1_reg    |   32|   0|   32|          0|
    |tmp_27_2_i_288_reg_1525                |   32|   0|   32|          0|
    |tmp_27_2_i_288_reg_1525_pp0_iter1_reg  |   32|   0|   32|          0|
    |tmp_27_3_10_i_reg_1675                 |   32|   0|   32|          0|
    |tmp_27_3_10_i_reg_1675_pp0_iter1_reg   |   32|   0|   32|          0|
    |tmp_27_3_11_i_reg_1680                 |   32|   0|   32|          0|
    |tmp_27_3_11_i_reg_1680_pp0_iter1_reg   |   32|   0|   32|          0|
    |tmp_27_3_12_i_reg_1685                 |   32|   0|   32|          0|
    |tmp_27_3_13_i_reg_1690                 |   32|   0|   32|          0|
    |tmp_27_3_14_i_reg_1695                 |   32|   0|   32|          0|
    |tmp_27_3_15_i_reg_1700                 |   32|   0|   32|          0|
    |tmp_27_3_16_i_reg_1705                 |   32|   0|   32|          0|
    |tmp_27_3_17_i_reg_1710                 |   32|   0|   32|          0|
    |tmp_27_3_18_i_reg_1715                 |   32|   0|   32|          0|
    |tmp_27_3_19_i_reg_1720                 |   32|   0|   32|          0|
    |tmp_27_3_20_i_reg_1725                 |   32|   0|   32|          0|
    |tmp_27_3_21_i_reg_1730                 |   32|   0|   32|          0|
    |tmp_27_3_22_i_reg_1735                 |   32|   0|   32|          0|
    |tmp_27_3_23_i_reg_1740                 |   32|   0|   32|          0|
    |tmp_27_3_24_i_reg_1745                 |   32|   0|   32|          0|
    |tmp_27_3_25_i_reg_1750                 |   32|   0|   32|          0|
    |tmp_27_3_26_i_reg_1755                 |   32|   0|   32|          0|
    |tmp_27_3_27_i_reg_1760                 |   32|   0|   32|          0|
    |tmp_27_3_28_i_reg_1765                 |   32|   0|   32|          0|
    |tmp_27_3_29_i_reg_1770                 |   32|   0|   32|          0|
    |tmp_27_3_30_i_reg_1775                 |   32|   0|   32|          0|
    |tmp_27_3_3_i_reg_1635                  |   32|   0|   32|          0|
    |tmp_27_3_4_i_reg_1640                  |   32|   0|   32|          0|
    |tmp_27_3_5_i_reg_1645                  |   32|   0|   32|          0|
    |tmp_27_3_6_i_reg_1650                  |   32|   0|   32|          0|
    |tmp_27_3_7_i_reg_1655                  |   32|   0|   32|          0|
    |tmp_27_3_7_i_reg_1655_pp0_iter1_reg    |   32|   0|   32|          0|
    |tmp_27_3_8_i_reg_1660                  |   32|   0|   32|          0|
    |tmp_27_3_8_i_reg_1660_pp0_iter1_reg    |   32|   0|   32|          0|
    |tmp_27_3_9_i_reg_1665                  |   32|   0|   32|          0|
    |tmp_27_3_9_i_reg_1665_pp0_iter1_reg    |   32|   0|   32|          0|
    |tmp_27_3_i_290_reg_1670                |   32|   0|   32|          0|
    |tmp_27_3_i_290_reg_1670_pp0_iter1_reg  |   32|   0|   32|          0|
    |tmp_27_4_10_i_reg_1820                 |   32|   0|   32|          0|
    |tmp_27_4_10_i_reg_1820_pp0_iter1_reg   |   32|   0|   32|          0|
    |tmp_27_4_11_i_reg_1825                 |   32|   0|   32|          0|
    |tmp_27_4_11_i_reg_1825_pp0_iter1_reg   |   32|   0|   32|          0|
    |tmp_27_4_12_i_reg_1830                 |   32|   0|   32|          0|
    |tmp_27_4_13_i_reg_1835                 |   32|   0|   32|          0|
    |tmp_27_4_14_i_reg_1840                 |   32|   0|   32|          0|
    |tmp_27_4_15_i_reg_1845                 |   32|   0|   32|          0|
    |tmp_27_4_16_i_reg_1850                 |   32|   0|   32|          0|
    |tmp_27_4_17_i_reg_1855                 |   32|   0|   32|          0|
    |tmp_27_4_18_i_reg_1860                 |   32|   0|   32|          0|
    |tmp_27_4_19_i_reg_1865                 |   32|   0|   32|          0|
    |tmp_27_4_20_i_reg_1870                 |   32|   0|   32|          0|
    |tmp_27_4_21_i_reg_1875                 |   32|   0|   32|          0|
    |tmp_27_4_22_i_reg_1880                 |   32|   0|   32|          0|
    |tmp_27_4_23_i_reg_1885                 |   32|   0|   32|          0|
    |tmp_27_4_24_i_reg_1890                 |   32|   0|   32|          0|
    |tmp_27_4_25_i_reg_1895                 |   32|   0|   32|          0|
    |tmp_27_4_26_i_reg_1900                 |   32|   0|   32|          0|
    |tmp_27_4_27_i_reg_1905                 |   32|   0|   32|          0|
    |tmp_27_4_28_i_reg_1910                 |   32|   0|   32|          0|
    |tmp_27_4_29_i_reg_1915                 |   32|   0|   32|          0|
    |tmp_27_4_30_i_reg_1920                 |   32|   0|   32|          0|
    |tmp_27_4_3_i_reg_1780                  |   32|   0|   32|          0|
    |tmp_27_4_4_i_reg_1785                  |   32|   0|   32|          0|
    |tmp_27_4_5_i_reg_1790                  |   32|   0|   32|          0|
    |tmp_27_4_6_i_reg_1795                  |   32|   0|   32|          0|
    |tmp_27_4_7_i_reg_1800                  |   32|   0|   32|          0|
    |tmp_27_4_7_i_reg_1800_pp0_iter1_reg    |   32|   0|   32|          0|
    |tmp_27_4_8_i_reg_1805                  |   32|   0|   32|          0|
    |tmp_27_4_8_i_reg_1805_pp0_iter1_reg    |   32|   0|   32|          0|
    |tmp_27_4_9_i_reg_1810                  |   32|   0|   32|          0|
    |tmp_27_4_9_i_reg_1810_pp0_iter1_reg    |   32|   0|   32|          0|
    |tmp_27_4_i_292_reg_1815                |   32|   0|   32|          0|
    |tmp_27_4_i_292_reg_1815_pp0_iter1_reg  |   32|   0|   32|          0|
    |tmp_27_5_10_i_reg_1965                 |   32|   0|   32|          0|
    |tmp_27_5_10_i_reg_1965_pp0_iter1_reg   |   32|   0|   32|          0|
    |tmp_27_5_11_i_reg_1970                 |   32|   0|   32|          0|
    |tmp_27_5_11_i_reg_1970_pp0_iter1_reg   |   32|   0|   32|          0|
    |tmp_27_5_12_i_reg_1975                 |   32|   0|   32|          0|
    |tmp_27_5_13_i_reg_1980                 |   32|   0|   32|          0|
    |tmp_27_5_14_i_reg_1985                 |   32|   0|   32|          0|
    |tmp_27_5_15_i_reg_1990                 |   32|   0|   32|          0|
    |tmp_27_5_16_i_reg_1995                 |   32|   0|   32|          0|
    |tmp_27_5_17_i_reg_2000                 |   32|   0|   32|          0|
    |tmp_27_5_18_i_reg_2005                 |   32|   0|   32|          0|
    |tmp_27_5_19_i_reg_2010                 |   32|   0|   32|          0|
    |tmp_27_5_20_i_reg_2015                 |   32|   0|   32|          0|
    |tmp_27_5_21_i_reg_2020                 |   32|   0|   32|          0|
    |tmp_27_5_22_i_reg_2025                 |   32|   0|   32|          0|
    |tmp_27_5_23_i_reg_2030                 |   32|   0|   32|          0|
    |tmp_27_5_24_i_reg_2035                 |   32|   0|   32|          0|
    |tmp_27_5_25_i_reg_2040                 |   32|   0|   32|          0|
    |tmp_27_5_26_i_reg_2045                 |   32|   0|   32|          0|
    |tmp_27_5_27_i_reg_2050                 |   32|   0|   32|          0|
    |tmp_27_5_28_i_reg_2055                 |   32|   0|   32|          0|
    |tmp_27_5_29_i_reg_2060                 |   32|   0|   32|          0|
    |tmp_27_5_30_i_reg_2065                 |   32|   0|   32|          0|
    |tmp_27_5_3_i_reg_1925                  |   32|   0|   32|          0|
    |tmp_27_5_4_i_reg_1930                  |   32|   0|   32|          0|
    |tmp_27_5_5_i_reg_1935                  |   32|   0|   32|          0|
    |tmp_27_5_6_i_reg_1940                  |   32|   0|   32|          0|
    |tmp_27_5_7_i_reg_1945                  |   32|   0|   32|          0|
    |tmp_27_5_7_i_reg_1945_pp0_iter1_reg    |   32|   0|   32|          0|
    |tmp_27_5_8_i_reg_1950                  |   32|   0|   32|          0|
    |tmp_27_5_8_i_reg_1950_pp0_iter1_reg    |   32|   0|   32|          0|
    |tmp_27_5_9_i_reg_1955                  |   32|   0|   32|          0|
    |tmp_27_5_9_i_reg_1955_pp0_iter1_reg    |   32|   0|   32|          0|
    |tmp_27_5_i_294_reg_1960                |   32|   0|   32|          0|
    |tmp_27_5_i_294_reg_1960_pp0_iter1_reg  |   32|   0|   32|          0|
    |tmp_27_6_10_i_reg_2115                 |   32|   0|   32|          0|
    |tmp_27_6_10_i_reg_2115_pp0_iter1_reg   |   32|   0|   32|          0|
    |tmp_27_6_11_i_reg_2120                 |   32|   0|   32|          0|
    |tmp_27_6_11_i_reg_2120_pp0_iter1_reg   |   32|   0|   32|          0|
    |tmp_27_6_12_i_reg_2125                 |   32|   0|   32|          0|
    |tmp_27_6_13_i_reg_2130                 |   32|   0|   32|          0|
    |tmp_27_6_14_i_reg_2135                 |   32|   0|   32|          0|
    |tmp_27_6_15_i_reg_2140                 |   32|   0|   32|          0|
    |tmp_27_6_16_i_reg_2145                 |   32|   0|   32|          0|
    |tmp_27_6_17_i_reg_2150                 |   32|   0|   32|          0|
    |tmp_27_6_18_i_reg_2155                 |   32|   0|   32|          0|
    |tmp_27_6_19_i_reg_2160                 |   32|   0|   32|          0|
    |tmp_27_6_1_i_reg_2070                  |   32|   0|   32|          0|
    |tmp_27_6_20_i_reg_2165                 |   32|   0|   32|          0|
    |tmp_27_6_21_i_reg_2170                 |   32|   0|   32|          0|
    |tmp_27_6_22_i_reg_2175                 |   32|   0|   32|          0|
    |tmp_27_6_23_i_reg_2185                 |   32|   0|   32|          0|
    |tmp_27_6_24_i_reg_2190                 |   32|   0|   32|          0|
    |tmp_27_6_25_i_reg_2195                 |   32|   0|   32|          0|
    |tmp_27_6_26_i_reg_2200                 |   32|   0|   32|          0|
    |tmp_27_6_27_i_reg_2205                 |   32|   0|   32|          0|
    |tmp_27_6_28_i_reg_2210                 |   32|   0|   32|          0|
    |tmp_27_6_29_i_reg_2215                 |   32|   0|   32|          0|
    |tmp_27_6_30_i_reg_2220                 |   32|   0|   32|          0|
    |tmp_27_6_3_i_reg_2075                  |   32|   0|   32|          0|
    |tmp_27_6_4_i_reg_2080                  |   32|   0|   32|          0|
    |tmp_27_6_5_i_reg_2085                  |   32|   0|   32|          0|
    |tmp_27_6_6_i_reg_2090                  |   32|   0|   32|          0|
    |tmp_27_6_7_i_reg_2095                  |   32|   0|   32|          0|
    |tmp_27_6_7_i_reg_2095_pp0_iter1_reg    |   32|   0|   32|          0|
    |tmp_27_6_8_i_reg_2100                  |   32|   0|   32|          0|
    |tmp_27_6_8_i_reg_2100_pp0_iter1_reg    |   32|   0|   32|          0|
    |tmp_27_6_9_i_reg_2105                  |   32|   0|   32|          0|
    |tmp_27_6_9_i_reg_2105_pp0_iter1_reg    |   32|   0|   32|          0|
    |tmp_27_6_i_296_reg_2110                |   32|   0|   32|          0|
    |tmp_27_6_i_296_reg_2110_pp0_iter1_reg  |   32|   0|   32|          0|
    |tmp_27_7_10_i_reg_2270                 |   32|   0|   32|          0|
    |tmp_27_7_10_i_reg_2270_pp0_iter2_reg   |   32|   0|   32|          0|
    |tmp_27_7_11_i_reg_2275                 |   32|   0|   32|          0|
    |tmp_27_7_11_i_reg_2275_pp0_iter2_reg   |   32|   0|   32|          0|
    |tmp_27_7_12_i_reg_2280                 |   32|   0|   32|          0|
    |tmp_27_7_13_i_reg_2285                 |   32|   0|   32|          0|
    |tmp_27_7_14_i_reg_2290                 |   32|   0|   32|          0|
    |tmp_27_7_15_i_reg_2295                 |   32|   0|   32|          0|
    |tmp_27_7_16_i_reg_2300                 |   32|   0|   32|          0|
    |tmp_27_7_17_i_reg_2305                 |   32|   0|   32|          0|
    |tmp_27_7_18_i_reg_2310                 |   32|   0|   32|          0|
    |tmp_27_7_19_i_reg_2315                 |   32|   0|   32|          0|
    |tmp_27_7_1_i_reg_2225                  |   32|   0|   32|          0|
    |tmp_27_7_20_i_reg_2320                 |   32|   0|   32|          0|
    |tmp_27_7_21_i_reg_2325                 |   32|   0|   32|          0|
    |tmp_27_7_22_i_reg_2330                 |   32|   0|   32|          0|
    |tmp_27_7_23_i_reg_2335                 |   32|   0|   32|          0|
    |tmp_27_7_24_i_reg_2340                 |   32|   0|   32|          0|
    |tmp_27_7_25_i_reg_2345                 |   32|   0|   32|          0|
    |tmp_27_7_26_i_reg_2350                 |   32|   0|   32|          0|
    |tmp_27_7_27_i_reg_2355                 |   32|   0|   32|          0|
    |tmp_27_7_28_i_reg_2360                 |   32|   0|   32|          0|
    |tmp_27_7_29_i_reg_2365                 |   32|   0|   32|          0|
    |tmp_27_7_30_i_reg_2370                 |   32|   0|   32|          0|
    |tmp_27_7_3_i_reg_2230                  |   32|   0|   32|          0|
    |tmp_27_7_4_i_reg_2235                  |   32|   0|   32|          0|
    |tmp_27_7_5_i_reg_2240                  |   32|   0|   32|          0|
    |tmp_27_7_6_i_reg_2245                  |   32|   0|   32|          0|
    |tmp_27_7_7_i_reg_2250                  |   32|   0|   32|          0|
    |tmp_27_7_7_i_reg_2250_pp0_iter2_reg    |   32|   0|   32|          0|
    |tmp_27_7_8_i_reg_2255                  |   32|   0|   32|          0|
    |tmp_27_7_8_i_reg_2255_pp0_iter2_reg    |   32|   0|   32|          0|
    |tmp_27_7_9_i_reg_2260                  |   32|   0|   32|          0|
    |tmp_27_7_9_i_reg_2260_pp0_iter2_reg    |   32|   0|   32|          0|
    |tmp_27_7_i_298_reg_2265                |   32|   0|   32|          0|
    |tmp_27_7_i_298_reg_2265_pp0_iter2_reg  |   32|   0|   32|          0|
    |tmp_i_mid2_cast_reg_2447               |    5|   0|   12|          7|
    |tmp_i_mid2_v_reg_1193                  |    5|   0|    5|          0|
    |tmp_reg_2454                           |    4|   0|   11|          7|
    |exitcond_flatten_reg_1177              |   64|  32|    1|          0|
    |r_i_mid2_reg_1186                      |   64|  32|    4|          0|
    |tmp_27_0_12_i_reg_1250                 |   64|  32|   32|          0|
    |tmp_27_0_13_i_reg_1255                 |   64|  32|   32|          0|
    |tmp_27_0_14_i_reg_1260                 |   64|  32|   32|          0|
    |tmp_27_0_15_i_reg_1265                 |   64|  32|   32|          0|
    |tmp_27_0_16_i_reg_1270                 |   64|  32|   32|          0|
    |tmp_27_0_17_i_reg_1275                 |   64|  32|   32|          0|
    |tmp_27_0_18_i_reg_1280                 |   64|  32|   32|          0|
    |tmp_27_0_19_i_reg_1285                 |   64|  32|   32|          0|
    |tmp_27_0_20_i_reg_1290                 |   64|  32|   32|          0|
    |tmp_27_0_21_i_reg_1295                 |   64|  32|   32|          0|
    |tmp_27_0_22_i_reg_1300                 |   64|  32|   32|          0|
    |tmp_27_0_23_i_reg_1305                 |   64|  32|   32|          0|
    |tmp_27_0_24_i_reg_1310                 |   64|  32|   32|          0|
    |tmp_27_0_25_i_reg_1315                 |   64|  32|   32|          0|
    |tmp_27_0_26_i_reg_1320                 |   64|  32|   32|          0|
    |tmp_27_0_27_i_reg_1325                 |   64|  32|   32|          0|
    |tmp_27_0_28_i_reg_1330                 |   64|  32|   32|          0|
    |tmp_27_0_29_i_reg_1335                 |   64|  32|   32|          0|
    |tmp_27_0_30_i_reg_1340                 |   64|  32|   32|          0|
    |tmp_27_1_12_i_reg_1395                 |   64|  32|   32|          0|
    |tmp_27_1_13_i_reg_1400                 |   64|  32|   32|          0|
    |tmp_27_1_14_i_reg_1405                 |   64|  32|   32|          0|
    |tmp_27_1_15_i_reg_1410                 |   64|  32|   32|          0|
    |tmp_27_1_16_i_reg_1415                 |   64|  32|   32|          0|
    |tmp_27_1_17_i_reg_1420                 |   64|  32|   32|          0|
    |tmp_27_1_18_i_reg_1425                 |   64|  32|   32|          0|
    |tmp_27_1_19_i_reg_1430                 |   64|  32|   32|          0|
    |tmp_27_1_20_i_reg_1435                 |   64|  32|   32|          0|
    |tmp_27_1_21_i_reg_1440                 |   64|  32|   32|          0|
    |tmp_27_1_22_i_reg_1445                 |   64|  32|   32|          0|
    |tmp_27_1_23_i_reg_1450                 |   64|  32|   32|          0|
    |tmp_27_1_24_i_reg_1455                 |   64|  32|   32|          0|
    |tmp_27_1_25_i_reg_1460                 |   64|  32|   32|          0|
    |tmp_27_1_26_i_reg_1465                 |   64|  32|   32|          0|
    |tmp_27_1_27_i_reg_1470                 |   64|  32|   32|          0|
    |tmp_27_1_28_i_reg_1475                 |   64|  32|   32|          0|
    |tmp_27_1_29_i_reg_1480                 |   64|  32|   32|          0|
    |tmp_27_1_30_i_reg_1485                 |   64|  32|   32|          0|
    |tmp_27_2_12_i_reg_1540                 |   64|  32|   32|          0|
    |tmp_27_2_13_i_reg_1545                 |   64|  32|   32|          0|
    |tmp_27_2_14_i_reg_1550                 |   64|  32|   32|          0|
    |tmp_27_2_15_i_reg_1555                 |   64|  32|   32|          0|
    |tmp_27_2_16_i_reg_1560                 |   64|  32|   32|          0|
    |tmp_27_2_17_i_reg_1565                 |   64|  32|   32|          0|
    |tmp_27_2_18_i_reg_1570                 |   64|  32|   32|          0|
    |tmp_27_2_19_i_reg_1575                 |   64|  32|   32|          0|
    |tmp_27_2_20_i_reg_1580                 |   64|  32|   32|          0|
    |tmp_27_2_21_i_reg_1585                 |   64|  32|   32|          0|
    |tmp_27_2_22_i_reg_1590                 |   64|  32|   32|          0|
    |tmp_27_2_23_i_reg_1595                 |   64|  32|   32|          0|
    |tmp_27_2_24_i_reg_1600                 |   64|  32|   32|          0|
    |tmp_27_2_25_i_reg_1605                 |   64|  32|   32|          0|
    |tmp_27_2_26_i_reg_1610                 |   64|  32|   32|          0|
    |tmp_27_2_27_i_reg_1615                 |   64|  32|   32|          0|
    |tmp_27_2_28_i_reg_1620                 |   64|  32|   32|          0|
    |tmp_27_2_29_i_reg_1625                 |   64|  32|   32|          0|
    |tmp_27_2_30_i_reg_1630                 |   64|  32|   32|          0|
    |tmp_27_3_12_i_reg_1685                 |   64|  32|   32|          0|
    |tmp_27_3_13_i_reg_1690                 |   64|  32|   32|          0|
    |tmp_27_3_14_i_reg_1695                 |   64|  32|   32|          0|
    |tmp_27_3_15_i_reg_1700                 |   64|  32|   32|          0|
    |tmp_27_3_16_i_reg_1705                 |   64|  32|   32|          0|
    |tmp_27_3_17_i_reg_1710                 |   64|  32|   32|          0|
    |tmp_27_3_18_i_reg_1715                 |   64|  32|   32|          0|
    |tmp_27_3_19_i_reg_1720                 |   64|  32|   32|          0|
    |tmp_27_3_20_i_reg_1725                 |   64|  32|   32|          0|
    |tmp_27_3_21_i_reg_1730                 |   64|  32|   32|          0|
    |tmp_27_3_22_i_reg_1735                 |   64|  32|   32|          0|
    |tmp_27_3_23_i_reg_1740                 |   64|  32|   32|          0|
    |tmp_27_3_24_i_reg_1745                 |   64|  32|   32|          0|
    |tmp_27_3_25_i_reg_1750                 |   64|  32|   32|          0|
    |tmp_27_3_26_i_reg_1755                 |   64|  32|   32|          0|
    |tmp_27_3_27_i_reg_1760                 |   64|  32|   32|          0|
    |tmp_27_3_28_i_reg_1765                 |   64|  32|   32|          0|
    |tmp_27_3_29_i_reg_1770                 |   64|  32|   32|          0|
    |tmp_27_3_30_i_reg_1775                 |   64|  32|   32|          0|
    |tmp_27_4_12_i_reg_1830                 |   64|  32|   32|          0|
    |tmp_27_4_13_i_reg_1835                 |   64|  32|   32|          0|
    |tmp_27_4_14_i_reg_1840                 |   64|  32|   32|          0|
    |tmp_27_4_15_i_reg_1845                 |   64|  32|   32|          0|
    |tmp_27_4_16_i_reg_1850                 |   64|  32|   32|          0|
    |tmp_27_4_17_i_reg_1855                 |   64|  32|   32|          0|
    |tmp_27_4_18_i_reg_1860                 |   64|  32|   32|          0|
    |tmp_27_4_19_i_reg_1865                 |   64|  32|   32|          0|
    |tmp_27_4_20_i_reg_1870                 |   64|  32|   32|          0|
    |tmp_27_4_21_i_reg_1875                 |   64|  32|   32|          0|
    |tmp_27_4_22_i_reg_1880                 |   64|  32|   32|          0|
    |tmp_27_4_23_i_reg_1885                 |   64|  32|   32|          0|
    |tmp_27_4_24_i_reg_1890                 |   64|  32|   32|          0|
    |tmp_27_4_25_i_reg_1895                 |   64|  32|   32|          0|
    |tmp_27_4_26_i_reg_1900                 |   64|  32|   32|          0|
    |tmp_27_4_27_i_reg_1905                 |   64|  32|   32|          0|
    |tmp_27_4_28_i_reg_1910                 |   64|  32|   32|          0|
    |tmp_27_4_29_i_reg_1915                 |   64|  32|   32|          0|
    |tmp_27_4_30_i_reg_1920                 |   64|  32|   32|          0|
    |tmp_27_5_12_i_reg_1975                 |   64|  32|   32|          0|
    |tmp_27_5_13_i_reg_1980                 |   64|  32|   32|          0|
    |tmp_27_5_14_i_reg_1985                 |   64|  32|   32|          0|
    |tmp_27_5_15_i_reg_1990                 |   64|  32|   32|          0|
    |tmp_27_5_16_i_reg_1995                 |   64|  32|   32|          0|
    |tmp_27_5_17_i_reg_2000                 |   64|  32|   32|          0|
    |tmp_27_5_18_i_reg_2005                 |   64|  32|   32|          0|
    |tmp_27_5_19_i_reg_2010                 |   64|  32|   32|          0|
    |tmp_27_5_20_i_reg_2015                 |   64|  32|   32|          0|
    |tmp_27_5_21_i_reg_2020                 |   64|  32|   32|          0|
    |tmp_27_5_22_i_reg_2025                 |   64|  32|   32|          0|
    |tmp_27_5_23_i_reg_2030                 |   64|  32|   32|          0|
    |tmp_27_5_24_i_reg_2035                 |   64|  32|   32|          0|
    |tmp_27_5_25_i_reg_2040                 |   64|  32|   32|          0|
    |tmp_27_5_26_i_reg_2045                 |   64|  32|   32|          0|
    |tmp_27_5_27_i_reg_2050                 |   64|  32|   32|          0|
    |tmp_27_5_28_i_reg_2055                 |   64|  32|   32|          0|
    |tmp_27_5_29_i_reg_2060                 |   64|  32|   32|          0|
    |tmp_27_5_30_i_reg_2065                 |   64|  32|   32|          0|
    |tmp_27_6_12_i_reg_2125                 |   64|  32|   32|          0|
    |tmp_27_6_13_i_reg_2130                 |   64|  32|   32|          0|
    |tmp_27_6_14_i_reg_2135                 |   64|  32|   32|          0|
    |tmp_27_6_15_i_reg_2140                 |   64|  32|   32|          0|
    |tmp_27_6_16_i_reg_2145                 |   64|  32|   32|          0|
    |tmp_27_6_17_i_reg_2150                 |   64|  32|   32|          0|
    |tmp_27_6_18_i_reg_2155                 |   64|  32|   32|          0|
    |tmp_27_6_19_i_reg_2160                 |   64|  32|   32|          0|
    |tmp_27_6_20_i_reg_2165                 |   64|  32|   32|          0|
    |tmp_27_6_21_i_reg_2170                 |   64|  32|   32|          0|
    |tmp_27_6_22_i_reg_2175                 |   64|  32|   32|          0|
    |tmp_27_6_23_i_reg_2185                 |   64|  32|   32|          0|
    |tmp_27_6_24_i_reg_2190                 |   64|  32|   32|          0|
    |tmp_27_6_25_i_reg_2195                 |   64|  32|   32|          0|
    |tmp_27_6_26_i_reg_2200                 |   64|  32|   32|          0|
    |tmp_27_6_27_i_reg_2205                 |   64|  32|   32|          0|
    |tmp_27_6_28_i_reg_2210                 |   64|  32|   32|          0|
    |tmp_27_6_29_i_reg_2215                 |   64|  32|   32|          0|
    |tmp_27_6_30_i_reg_2220                 |   64|  32|   32|          0|
    |tmp_27_7_12_i_reg_2280                 |   64|  32|   32|          0|
    |tmp_27_7_13_i_reg_2285                 |   64|  32|   32|          0|
    |tmp_27_7_14_i_reg_2290                 |   64|  32|   32|          0|
    |tmp_27_7_15_i_reg_2295                 |   64|  32|   32|          0|
    |tmp_27_7_16_i_reg_2300                 |   64|  32|   32|          0|
    |tmp_27_7_17_i_reg_2305                 |   64|  32|   32|          0|
    |tmp_27_7_18_i_reg_2310                 |   64|  32|   32|          0|
    |tmp_27_7_19_i_reg_2315                 |   64|  32|   32|          0|
    |tmp_27_7_20_i_reg_2320                 |   64|  32|   32|          0|
    |tmp_27_7_21_i_reg_2325                 |   64|  32|   32|          0|
    |tmp_27_7_22_i_reg_2330                 |   64|  32|   32|          0|
    |tmp_27_7_23_i_reg_2335                 |   64|  32|   32|          0|
    |tmp_27_7_24_i_reg_2340                 |   64|  32|   32|          0|
    |tmp_27_7_25_i_reg_2345                 |   64|  32|   32|          0|
    |tmp_27_7_26_i_reg_2350                 |   64|  32|   32|          0|
    |tmp_27_7_27_i_reg_2355                 |   64|  32|   32|          0|
    |tmp_27_7_28_i_reg_2360                 |   64|  32|   32|          0|
    |tmp_27_7_29_i_reg_2365                 |   64|  32|   32|          0|
    |tmp_27_7_30_i_reg_2370                 |   64|  32|   32|          0|
    |tmp_i_mid2_v_reg_1193                  |   64|  32|    5|          0|
    +---------------------------------------+-----+----+-----+-----------+
    |Total                                  |22224|4960|17194|         16|
    +---------------------------------------+-----+----+-----+-----------+



================================================================
== Interface
================================================================
* Summary: 
+----------------+-----+-----+------------+----------------+--------------+
|    RTL Ports   | Dir | Bits|  Protocol  |  Source Object |    C Type    |
+----------------+-----+-----+------------+----------------+--------------+
|ap_clk          |  in |    1| ap_ctrl_hs | detection_head | return value |
|ap_rst          |  in |    1| ap_ctrl_hs | detection_head | return value |
|ap_start        |  in |    1| ap_ctrl_hs | detection_head | return value |
|ap_done         | out |    1| ap_ctrl_hs | detection_head | return value |
|ap_continue     |  in |    1| ap_ctrl_hs | detection_head | return value |
|ap_idle         | out |    1| ap_ctrl_hs | detection_head | return value |
|ap_ready        | out |    1| ap_ctrl_hs | detection_head | return value |
|out_r_address0  | out |   10|  ap_memory |      out_r     |     array    |
|out_r_ce0       | out |    1|  ap_memory |      out_r     |     array    |
|out_r_we0       | out |    1|  ap_memory |      out_r     |     array    |
|out_r_d0        | out |   32|  ap_memory |      out_r     |     array    |
|f5_0_dout       |  in |   32|   ap_fifo  |      f5_0      |    pointer   |
|f5_0_empty_n    |  in |    1|   ap_fifo  |      f5_0      |    pointer   |
|f5_0_read       | out |    1|   ap_fifo  |      f5_0      |    pointer   |
|f5_1_dout       |  in |   32|   ap_fifo  |      f5_1      |    pointer   |
|f5_1_empty_n    |  in |    1|   ap_fifo  |      f5_1      |    pointer   |
|f5_1_read       | out |    1|   ap_fifo  |      f5_1      |    pointer   |
|f5_2_dout       |  in |   32|   ap_fifo  |      f5_2      |    pointer   |
|f5_2_empty_n    |  in |    1|   ap_fifo  |      f5_2      |    pointer   |
|f5_2_read       | out |    1|   ap_fifo  |      f5_2      |    pointer   |
|f5_3_dout       |  in |   32|   ap_fifo  |      f5_3      |    pointer   |
|f5_3_empty_n    |  in |    1|   ap_fifo  |      f5_3      |    pointer   |
|f5_3_read       | out |    1|   ap_fifo  |      f5_3      |    pointer   |
|f5_4_dout       |  in |   32|   ap_fifo  |      f5_4      |    pointer   |
|f5_4_empty_n    |  in |    1|   ap_fifo  |      f5_4      |    pointer   |
|f5_4_read       | out |    1|   ap_fifo  |      f5_4      |    pointer   |
|f5_5_dout       |  in |   32|   ap_fifo  |      f5_5      |    pointer   |
|f5_5_empty_n    |  in |    1|   ap_fifo  |      f5_5      |    pointer   |
|f5_5_read       | out |    1|   ap_fifo  |      f5_5      |    pointer   |
|f5_6_dout       |  in |   32|   ap_fifo  |      f5_6      |    pointer   |
|f5_6_empty_n    |  in |    1|   ap_fifo  |      f5_6      |    pointer   |
|f5_6_read       | out |    1|   ap_fifo  |      f5_6      |    pointer   |
|f5_7_dout       |  in |   32|   ap_fifo  |      f5_7      |    pointer   |
|f5_7_empty_n    |  in |    1|   ap_fifo  |      f5_7      |    pointer   |
|f5_7_read       | out |    1|   ap_fifo  |      f5_7      |    pointer   |
+----------------+-----+-----+------------+----------------+--------------+

