

================================================================
== Vivado HLS Report for 'conv5'
================================================================
* Date:           Tue Jun  9 11:04:42 2026

* Version:        2018.3 (Build 2405991 on Thu Dec 06 23:56:15 MST 2018)
* Project:        topp
* Solution:       solution2
* Product family: zynq
* Target device:  xc7z020clg484-1


================================================================
== Performance Estimates
================================================================
+ Timing (ns): 
    * Summary: 
    +--------+-------+----------+------------+
    |  Clock | Target| Estimated| Uncertainty|
    +--------+-------+----------+------------+
    |ap_clk  |  10.00|     7.256|        1.25|
    +--------+-------+----------+------------+

+ Latency (clock cycles): 
    * Summary: 
    +-------+----------+-------+----------+---------+
    |      Latency     |     Interval     | Pipeline|
    |  min  |    max   |  min  |    max   |   Type  |
    +-------+----------+-------+----------+---------+
    |  25921|  10246721|  25921|  10246721|   none  |
    +-------+----------+-------+----------+---------+

    + Detail: 
        * Instance: 
        N/A

        * Loop: 
        +-----------------------------+--------+----------+----------------+-----------+-----------+------+----------+
        |                             |      Latency      |    Iteration   |  Initiation Interval  | Trip |          |
        |          Loop Name          |   min  |    max   |     Latency    |  achieved |   target  | Count| Pipelined|
        +-----------------------------+--------+----------+----------------+-----------+-----------+------+----------+
        |- Loop 1                     |   25920|  10246720| 2592 ~ 1024672 |          -|          -|    10|    no    |
        | + Loop 1.1                  |    2590|   1024670|  259 ~ 102467  |          -|          -|    10|    no    |
        |  ++ Loop 1.1.1              |     256|       256|               8|          -|          -|    32|    no    |
        |  ++ Loop 1.1.2              |  102208|    102208|            3194|          -|          -|    32|    no    |
        |   +++ Loop 1.1.2.1          |    3192|      3192|            1064|          -|          -|     3|    no    |
        |    ++++ Loop 1.1.2.1.1      |    1062|      1062|             354|          -|          -|     3|    no    |
        |     +++++ Loop 1.1.2.1.1.1  |     352|       352|              11|          -|          -|    32|    no    |
        +-----------------------------+--------+----------+----------------+-----------+-----------+------+----------+



================================================================
== Utilization Estimates
================================================================
* Summary: 
+-----------------+---------+-------+--------+-------+
|       Name      | BRAM_18K| DSP48E|   FF   |  LUT  |
+-----------------+---------+-------+--------+-------+
|DSP              |        -|      -|       -|      -|
|Expression       |        -|      -|       0|    262|
|FIFO             |        -|      -|       -|      -|
|Instance         |        -|      5|     348|    711|
|Memory           |        4|      -|       0|      0|
|Multiplexer      |        -|      -|       -|    422|
|Register         |        -|      -|     423|      -|
+-----------------+---------+-------+--------+-------+
|Total            |        4|      5|     771|   1395|
+-----------------+---------+-------+--------+-------+
|Available        |      280|    220|  106400|  53200|
+-----------------+---------+-------+--------+-------+
|Utilization (%)  |        1|      2|   ~0   |      2|
+-----------------+---------+-------+--------+-------+

+ Detail: 
    * Instance: 
    +--------------------------+----------------------+---------+-------+-----+-----+
    |         Instance         |        Module        | BRAM_18K| DSP48E|  FF | LUT |
    +--------------------------+----------------------+---------+-------+-----+-----+
    |topp_fadd_32ns_32bkb_U38  |topp_fadd_32ns_32bkb  |        0|      2|  205|  390|
    |topp_fmul_32ns_32cud_U39  |topp_fmul_32ns_32cud  |        0|      3|  143|  321|
    +--------------------------+----------------------+---------+-------+-----+-----+
    |Total                     |                      |        0|      5|  348|  711|
    +--------------------------+----------------------+---------+-------+-----+-----+

    * DSP48: 
    N/A

    * Memory: 
    +-----------+---------------+---------+---+----+------+-----+------+-------------+
    |   Memory  |     Module    | BRAM_18K| FF| LUT| Words| Bits| Banks| W*Bits*Banks|
    +-----------+---------------+---------+---+----+------+-----+------+-------------+
    |win_buf_U  |conv4_win_buf  |        2|  0|   0|   288|   32|     1|         9216|
    |linbu_0_U  |conv5_linbu_0  |        1|  0|   0|   320|   32|     1|        10240|
    |linbu_1_U  |conv5_linbu_0  |        1|  0|   0|   320|   32|     1|        10240|
    +-----------+---------------+---------+---+----+------+-----+------+-------------+
    |Total      |               |        4|  0|   0|   928|   96|     3|        29696|
    +-----------+---------------+---------+---+----+------+-----+------+-------------+

    * FIFO: 
    N/A

    * Expression: 
    +-----------------------+----------+-------+---+----+------------+------------+
    |     Variable Name     | Operation| DSP48E| FF| LUT| Bitwidth P0| Bitwidth P1|
    +-----------------------+----------+-------+---+----+------------+------------+
    |c_fu_383_p2            |     +    |      0|  0|  13|           4|           1|
    |ic_1_fu_613_p2         |     +    |      0|  0|  15|           6|           1|
    |ic_fu_407_p2           |     +    |      0|  0|  15|           6|           1|
    |kc_fu_584_p2           |     +    |      0|  0|  10|           2|           1|
    |kr_fu_550_p2           |     +    |      0|  0|  10|           2|           1|
    |oc_fu_538_p2           |     +    |      0|  0|  15|           6|           1|
    |r_fu_355_p2            |     +    |      0|  0|  13|           4|           1|
    |tmp_12_fu_467_p2       |     +    |      0|  0|  15|           8|           8|
    |tmp_18_fu_594_p2       |     +    |      0|  0|  15|           5|           5|
    |tmp_21_fu_623_p2       |     +    |      0|  0|  14|          10|          10|
    |tmp_7_fu_512_p2        |     +    |      0|  0|  14|          10|          10|
    |tmp_17_fu_572_p2       |     -    |      0|  0|  15|           5|           5|
    |ap_block_state13       |    and   |      0|  0|   2|           1|           1|
    |or_cond_i_fu_449_p2    |    and   |      0|  0|   2|           1|           1|
    |exitcond1_i_fu_578_p2  |   icmp   |      0|  0|   8|           2|           2|
    |exitcond2_i_fu_544_p2  |   icmp   |      0|  0|   8|           2|           2|
    |exitcond3_i_fu_532_p2  |   icmp   |      0|  0|  11|           6|           7|
    |exitcond4_i_fu_401_p2  |   icmp   |      0|  0|  11|           6|           7|
    |exitcond5_i_fu_377_p2  |   icmp   |      0|  0|   9|           4|           4|
    |exitcond6_i_fu_349_p2  |   icmp   |      0|  0|   9|           4|           4|
    |exitcond_i_fu_607_p2   |   icmp   |      0|  0|  11|           6|           7|
    |icmp1_fu_443_p2        |   icmp   |      0|  0|   9|           3|           1|
    |icmp_fu_371_p2         |   icmp   |      0|  0|   9|           3|           1|
    |ap_block_state1        |    or    |      0|  0|   2|           1|           1|
    |tmp_8_fu_413_p2        |    xor   |      0|  0|   7|           6|           7|
    +-----------------------+----------+-------+---+----+------------+------------+
    |Total                  |          |      0|  0| 262|         113|          90|
    +-----------------------+----------+-------+---+----+------------+------------+

    * Multiplexer: 
    +------------------+-----+-----------+-----+-----------+
    |       Name       | LUT | Input Size| Bits| Total Bits|
    +------------------+-----+-----------+-----+-----------+
    |ap_NS_fsm         |  121|         26|    1|         26|
    |ap_done           |    9|          2|    1|          2|
    |c_i_reg_222       |    9|          2|    4|          8|
    |f4_blk_n          |    9|          2|    1|          2|
    |ic_1_i_reg_304    |    9|          2|    6|         12|
    |ic_i_reg_234      |    9|          2|    6|         12|
    |kc_i_reg_281      |    9|          2|    2|          4|
    |kr_i_reg_257      |    9|          2|    2|          4|
    |linbu_0_address0  |   15|          3|    9|         27|
    |linbu_1_address0  |   15|          3|    9|         27|
    |oc_i_reg_246      |    9|          2|    6|         12|
    |out_r_blk_n       |    9|          2|    1|          2|
    |r_i_reg_211       |    9|          2|    4|          8|
    |real_start        |    9|          2|    1|          2|
    |reg_337           |    9|          2|   32|         64|
    |sum1_i_reg_268    |    9|          2|   32|         64|
    |sum_1_i_reg_292   |    9|          2|   32|         64|
    |sum_2_i_reg_315   |    9|          2|   32|         64|
    |win_buf_address0  |   44|          9|    9|         81|
    |win_buf_address1  |   44|          9|    9|         81|
    |win_buf_d0        |   27|          5|   32|        160|
    |win_buf_d1        |   21|          4|   32|        128|
    +------------------+-----+-----------+-----+-----------+
    |Total             |  422|         89|  263|        854|
    +------------------+-----+-----------+-----+-----------+

    * Register: 
    +------------------------+----+----+-----+-----------+
    |          Name          | FF | LUT| Bits| Const Bits|
    +------------------------+----+----+-----+-----------+
    |ap_CS_fsm               |  25|   0|   25|          0|
    |ap_done_reg             |   1|   0|    1|          0|
    |c_i_reg_222             |   4|   0|    4|          0|
    |c_reg_649               |   4|   0|    4|          0|
    |ic_1_i_reg_304          |   6|   0|    6|          0|
    |ic_1_reg_769            |   6|   0|    6|          0|
    |ic_i_reg_234            |   6|   0|    6|          0|
    |ic_reg_662              |   6|   0|    6|          0|
    |icmp_reg_641            |   1|   0|    1|          0|
    |kc_i_reg_281            |   2|   0|    2|          0|
    |kc_reg_756              |   2|   0|    2|          0|
    |kr_i_reg_257            |   2|   0|    2|          0|
    |kr_reg_743              |   2|   0|    2|          0|
    |linbu_0_addr_reg_722    |   9|   0|    9|          0|
    |linbu_1_addr_reg_727    |   9|   0|    9|          0|
    |oc_i_reg_246            |   6|   0|    6|          0|
    |oc_reg_735              |   6|   0|    6|          0|
    |or_cond_i_reg_685       |   1|   0|    1|          0|
    |r_i_reg_211             |   4|   0|    4|          0|
    |r_reg_636               |   4|   0|    4|          0|
    |reg_337                 |  32|   0|   32|          0|
    |reg_344                 |  32|   0|   32|          0|
    |start_once_reg          |   1|   0|    1|          0|
    |sum1_i_reg_268          |  32|   0|   32|          0|
    |sum_1_i_reg_292         |  32|   0|   32|          0|
    |sum_2_i_reg_315         |  32|   0|   32|          0|
    |tmp_17_reg_748          |   5|   0|    5|          0|
    |tmp_20_cast_reg_761     |   5|   0|   10|          5|
    |tmp_43_i_reg_779        |  32|   0|   32|          0|
    |tmp_6_cast_reg_654      |   4|   0|   10|          6|
    |tmp_8_reg_667           |   6|   0|    6|          0|
    |win_buf_addr_2_reg_679  |   6|   0|    9|          3|
    |win_buf_addr_3_reg_689  |   6|   0|    9|          3|
    |win_buf_addr_5_reg_695  |   8|   0|    9|          1|
    |win_buf_addr_6_reg_700  |   8|   0|    9|          1|
    |win_buf_addr_8_reg_706  |   6|   0|    9|          3|
    |win_buf_addr_reg_673    |   6|   0|    9|          3|
    |win_buf_load_2_reg_712  |  32|   0|   32|          0|
    |win_buf_load_3_reg_717  |  32|   0|   32|          0|
    +------------------------+----+----+-----+-----------+
    |Total                   | 423|   0|  448|         25|
    +------------------------+----+----+-----+-----------+



================================================================
== Interface
================================================================
* Summary: 
+--------------+-----+-----+------------+--------------+--------------+
|   RTL Ports  | Dir | Bits|  Protocol  | Source Object|    C Type    |
+--------------+-----+-----+------------+--------------+--------------+
|ap_clk        |  in |    1| ap_ctrl_hs |     conv5    | return value |
|ap_rst        |  in |    1| ap_ctrl_hs |     conv5    | return value |
|ap_start      |  in |    1| ap_ctrl_hs |     conv5    | return value |
|start_full_n  |  in |    1| ap_ctrl_hs |     conv5    | return value |
|ap_done       | out |    1| ap_ctrl_hs |     conv5    | return value |
|ap_continue   |  in |    1| ap_ctrl_hs |     conv5    | return value |
|ap_idle       | out |    1| ap_ctrl_hs |     conv5    | return value |
|ap_ready      | out |    1| ap_ctrl_hs |     conv5    | return value |
|start_out     | out |    1| ap_ctrl_hs |     conv5    | return value |
|start_write   | out |    1| ap_ctrl_hs |     conv5    | return value |
|out_r_din     | out |   32|   ap_fifo  |     out_r    |    pointer   |
|out_r_full_n  |  in |    1|   ap_fifo  |     out_r    |    pointer   |
|out_r_write   | out |    1|   ap_fifo  |     out_r    |    pointer   |
|f4_dout       |  in |   32|   ap_fifo  |      f4      |    pointer   |
|f4_empty_n    |  in |    1|   ap_fifo  |      f4      |    pointer   |
|f4_read       | out |    1|   ap_fifo  |      f4      |    pointer   |
+--------------+-----+-----+------------+--------------+--------------+

