

================================================================
== Vivado HLS Report for 'conv5'
================================================================
* Date:           Tue Jun  9 11:21:12 2026

* Version:        2018.3 (Build 2405991 on Thu Dec 06 23:56:15 MST 2018)
* Project:        topp
* Solution:       solution4
* Product family: zynq
* Target device:  xc7z020clg484-1


================================================================
== Performance Estimates
================================================================
+ Timing (ns): 
    * Summary: 
    +--------+-------+----------+------------+
    |  Clock | Target| Estimated| Uncertainty|
    +--------+-------+----------+------------+
    |ap_clk  |  10.00|     7.256|        1.25|
    +--------+-------+----------+------------+

+ Latency (clock cycles): 
    * Summary: 
    +-------+----------+-------+----------+---------+
    |      Latency     |     Interval     | Pipeline|
    |  min  |    max   |  min  |    max   |   Type  |
    +-------+----------+-------+----------+---------+
    |  48321|  10272321|  48321|  10272321|   none  |
    +-------+----------+-------+----------+---------+

    + Detail: 
        * Instance: 
        N/A

        * Loop: 
        +-----------------------------+--------+----------+----------------+-----------+-----------+------+----------+
        |                             |      Latency      |    Iteration   |  Initiation Interval  | Trip |          |
        |          Loop Name          |   min  |    max   |     Latency    |  achieved |   target  | Count| Pipelined|
        +-----------------------------+--------+----------+----------------+-----------+-----------+------+----------+
        |- Loop 1                     |   48320|  10272320| 4832 ~ 1027232 |          -|          -|    10|    no    |
        | + Loop 1.1                  |    4830|   1027230|  483 ~ 102723  |          -|          -|    10|    no    |
        |  ++ Loop 1.1.1              |     480|       480|              15|          -|          -|    32|    no    |
        |  ++ Loop 1.1.2              |  102240|    102240|            3195|          -|          -|    32|    no    |
        |   +++ Loop 1.1.2.1          |    3192|      3192|            1064|          -|          -|     3|    no    |
        |    ++++ Loop 1.1.2.1.1      |    1062|      1062|             354|          -|          -|     3|    no    |
        |     +++++ Loop 1.1.2.1.1.1  |     352|       352|              11|          -|          -|    32|    no    |
        +-----------------------------+--------+----------+----------------+-----------+-----------+------+----------+



================================================================
== Utilization Estimates
================================================================
* Summary: 
+-----------------+---------+-------+--------+-------+
|       Name      | BRAM_18K| DSP48E|   FF   |  LUT  |
+-----------------+---------+-------+--------+-------+
|DSP              |        -|      -|       -|      -|
|Expression       |        -|      -|       0|    243|
|FIFO             |        -|      -|       -|      -|
|Instance         |        -|      5|     348|   1296|
|Memory           |       16|      -|    4608|    144|
|Multiplexer      |        -|      -|       -|   1814|
|Register         |        -|      -|     576|      -|
+-----------------+---------+-------+--------+-------+
|Total            |       16|      5|    5532|   3497|
+-----------------+---------+-------+--------+-------+
|Available        |      280|    220|  106400|  53200|
+-----------------+---------+-------+--------+-------+
|Utilization (%)  |        5|      2|       5|      6|
+-----------------+---------+-------+--------+-------+

+ Detail: 
    * Instance: 
    +---------------------------+----------------------+---------+-------+-----+-----+
    |          Instance         |        Module        | BRAM_18K| DSP48E|  FF | LUT |
    +---------------------------+----------------------+---------+-------+-----+-----+
    |topp_fadd_32ns_32bkb_U152  |topp_fadd_32ns_32bkb  |        0|      2|  205|  390|
    |topp_fmul_32ns_32cud_U153  |topp_fmul_32ns_32cud  |        0|      3|  143|  321|
    |topp_mux_727_32_1_1_U162   |topp_mux_727_32_1_1   |        0|      0|    0|   65|
    |topp_mux_832_32_1_1_U154   |topp_mux_832_32_1_1   |        0|      0|    0|   65|
    |topp_mux_832_32_1_1_U155   |topp_mux_832_32_1_1   |        0|      0|    0|   65|
    |topp_mux_832_32_1_1_U156   |topp_mux_832_32_1_1   |        0|      0|    0|   65|
    |topp_mux_832_32_1_1_U157   |topp_mux_832_32_1_1   |        0|      0|    0|   65|
    |topp_mux_832_32_1_1_U158   |topp_mux_832_32_1_1   |        0|      0|    0|   65|
    |topp_mux_832_32_1_1_U159   |topp_mux_832_32_1_1   |        0|      0|    0|   65|
    |topp_mux_832_32_1_1_U160   |topp_mux_832_32_1_1   |        0|      0|    0|   65|
    |topp_mux_832_32_1_1_U161   |topp_mux_832_32_1_1   |        0|      0|    0|   65|
    +---------------------------+----------------------+---------+-------+-----+-----+
    |Total                      |                      |        0|      5|  348| 1296|
    +---------------------------+----------------------+---------+-------+-----+-----+

    * DSP48: 
    N/A

    * Memory: 
    +-----------------+---------------------+---------+----+----+------+-----+------+-------------+
    |      Memory     |        Module       | BRAM_18K| FF | LUT| Words| Bits| Banks| W*Bits*Banks|
    +-----------------+---------------------+---------+----+----+------+-----+------+-------------+
    |win_buf_0_0_0_U  |conv4_win_buf_0_0_0  |        0|  64|   2|     4|   32|     1|          128|
    |win_buf_0_0_1_U  |conv4_win_buf_0_0_0  |        0|  64|   2|     4|   32|     1|          128|
    |win_buf_0_0_2_U  |conv4_win_buf_0_0_0  |        0|  64|   2|     4|   32|     1|          128|
    |win_buf_0_0_3_U  |conv4_win_buf_0_0_0  |        0|  64|   2|     4|   32|     1|          128|
    |win_buf_0_0_4_U  |conv4_win_buf_0_0_0  |        0|  64|   2|     4|   32|     1|          128|
    |win_buf_0_0_5_U  |conv4_win_buf_0_0_0  |        0|  64|   2|     4|   32|     1|          128|
    |win_buf_0_0_6_U  |conv4_win_buf_0_0_0  |        0|  64|   2|     4|   32|     1|          128|
    |win_buf_0_0_7_U  |conv4_win_buf_0_0_0  |        0|  64|   2|     4|   32|     1|          128|
    |win_buf_0_1_0_U  |conv4_win_buf_0_0_0  |        0|  64|   2|     4|   32|     1|          128|
    |win_buf_0_1_1_U  |conv4_win_buf_0_0_0  |        0|  64|   2|     4|   32|     1|          128|
    |win_buf_0_1_2_U  |conv4_win_buf_0_0_0  |        0|  64|   2|     4|   32|     1|          128|
    |win_buf_0_1_3_U  |conv4_win_buf_0_0_0  |        0|  64|   2|     4|   32|     1|          128|
    |win_buf_0_1_4_U  |conv4_win_buf_0_0_0  |        0|  64|   2|     4|   32|     1|          128|
    |win_buf_0_1_5_U  |conv4_win_buf_0_0_0  |        0|  64|   2|     4|   32|     1|          128|
    |win_buf_0_1_6_U  |conv4_win_buf_0_0_0  |        0|  64|   2|     4|   32|     1|          128|
    |win_buf_0_1_7_U  |conv4_win_buf_0_0_0  |        0|  64|   2|     4|   32|     1|          128|
    |win_buf_0_2_0_U  |conv4_win_buf_0_0_0  |        0|  64|   2|     4|   32|     1|          128|
    |win_buf_0_2_1_U  |conv4_win_buf_0_0_0  |        0|  64|   2|     4|   32|     1|          128|
    |win_buf_0_2_2_U  |conv4_win_buf_0_0_0  |        0|  64|   2|     4|   32|     1|          128|
    |win_buf_0_2_3_U  |conv4_win_buf_0_0_0  |        0|  64|   2|     4|   32|     1|          128|
    |win_buf_0_2_4_U  |conv4_win_buf_0_0_0  |        0|  64|   2|     4|   32|     1|          128|
    |win_buf_0_2_5_U  |conv4_win_buf_0_0_0  |        0|  64|   2|     4|   32|     1|          128|
    |win_buf_0_2_6_U  |conv4_win_buf_0_0_0  |        0|  64|   2|     4|   32|     1|          128|
    |win_buf_0_2_7_U  |conv4_win_buf_0_0_0  |        0|  64|   2|     4|   32|     1|          128|
    |win_buf_1_0_0_U  |conv4_win_buf_0_0_0  |        0|  64|   2|     4|   32|     1|          128|
    |win_buf_1_0_1_U  |conv4_win_buf_0_0_0  |        0|  64|   2|     4|   32|     1|          128|
    |win_buf_1_0_2_U  |conv4_win_buf_0_0_0  |        0|  64|   2|     4|   32|     1|          128|
    |win_buf_1_0_3_U  |conv4_win_buf_0_0_0  |        0|  64|   2|     4|   32|     1|          128|
    |win_buf_1_0_4_U  |conv4_win_buf_0_0_0  |        0|  64|   2|     4|   32|     1|          128|
    |win_buf_1_0_5_U  |conv4_win_buf_0_0_0  |        0|  64|   2|     4|   32|     1|          128|
    |win_buf_1_0_6_U  |conv4_win_buf_0_0_0  |        0|  64|   2|     4|   32|     1|          128|
    |win_buf_1_0_7_U  |conv4_win_buf_0_0_0  |        0|  64|   2|     4|   32|     1|          128|
    |win_buf_1_1_0_U  |conv4_win_buf_0_0_0  |        0|  64|   2|     4|   32|     1|          128|
    |win_buf_1_1_1_U  |conv4_win_buf_0_0_0  |        0|  64|   2|     4|   32|     1|          128|
    |win_buf_1_1_2_U  |conv4_win_buf_0_0_0  |        0|  64|   2|     4|   32|     1|          128|
    |win_buf_1_1_3_U  |conv4_win_buf_0_0_0  |        0|  64|   2|     4|   32|     1|          128|
    |win_buf_1_1_4_U  |conv4_win_buf_0_0_0  |        0|  64|   2|     4|   32|     1|          128|
    |win_buf_1_1_5_U  |conv4_win_buf_0_0_0  |        0|  64|   2|     4|   32|     1|          128|
    |win_buf_1_1_6_U  |conv4_win_buf_0_0_0  |        0|  64|   2|     4|   32|     1|          128|
    |win_buf_1_1_7_U  |conv4_win_buf_0_0_0  |        0|  64|   2|     4|   32|     1|          128|
    |win_buf_1_2_0_U  |conv4_win_buf_0_0_0  |        0|  64|   2|     4|   32|     1|          128|
    |win_buf_1_2_1_U  |conv4_win_buf_0_0_0  |        0|  64|   2|     4|   32|     1|          128|
    |win_buf_1_2_2_U  |conv4_win_buf_0_0_0  |        0|  64|   2|     4|   32|     1|          128|
    |win_buf_1_2_3_U  |conv4_win_buf_0_0_0  |        0|  64|   2|     4|   32|     1|          128|
    |win_buf_1_2_4_U  |conv4_win_buf_0_0_0  |        0|  64|   2|     4|   32|     1|          128|
    |win_buf_1_2_5_U  |conv4_win_buf_0_0_0  |        0|  64|   2|     4|   32|     1|          128|
    |win_buf_1_2_6_U  |conv4_win_buf_0_0_0  |        0|  64|   2|     4|   32|     1|          128|
    |win_buf_1_2_7_U  |conv4_win_buf_0_0_0  |        0|  64|   2|     4|   32|     1|          128|
    |win_buf_2_0_0_U  |conv4_win_buf_0_0_0  |        0|  64|   2|     4|   32|     1|          128|
    |win_buf_2_0_1_U  |conv4_win_buf_0_0_0  |        0|  64|   2|     4|   32|     1|          128|
    |win_buf_2_0_2_U  |conv4_win_buf_0_0_0  |        0|  64|   2|     4|   32|     1|          128|
    |win_buf_2_0_3_U  |conv4_win_buf_0_0_0  |        0|  64|   2|     4|   32|     1|          128|
    |win_buf_2_0_4_U  |conv4_win_buf_0_0_0  |        0|  64|   2|     4|   32|     1|          128|
    |win_buf_2_0_5_U  |conv4_win_buf_0_0_0  |        0|  64|   2|     4|   32|     1|          128|
    |win_buf_2_0_6_U  |conv4_win_buf_0_0_0  |        0|  64|   2|     4|   32|     1|          128|
    |win_buf_2_0_7_U  |conv4_win_buf_0_0_0  |        0|  64|   2|     4|   32|     1|          128|
    |win_buf_2_1_0_U  |conv4_win_buf_0_0_0  |        0|  64|   2|     4|   32|     1|          128|
    |win_buf_2_1_1_U  |conv4_win_buf_0_0_0  |        0|  64|   2|     4|   32|     1|          128|
    |win_buf_2_1_2_U  |conv4_win_buf_0_0_0  |        0|  64|   2|     4|   32|     1|          128|
    |win_buf_2_1_3_U  |conv4_win_buf_0_0_0  |        0|  64|   2|     4|   32|     1|          128|
    |win_buf_2_1_4_U  |conv4_win_buf_0_0_0  |        0|  64|   2|     4|   32|     1|          128|
    |win_buf_2_1_5_U  |conv4_win_buf_0_0_0  |        0|  64|   2|     4|   32|     1|          128|
    |win_buf_2_1_6_U  |conv4_win_buf_0_0_0  |        0|  64|   2|     4|   32|     1|          128|
    |win_buf_2_1_7_U  |conv4_win_buf_0_0_0  |        0|  64|   2|     4|   32|     1|          128|
    |win_buf_2_2_0_U  |conv4_win_buf_0_0_0  |        0|  64|   2|     4|   32|     1|          128|
    |win_buf_2_2_1_U  |conv4_win_buf_0_0_0  |        0|  64|   2|     4|   32|     1|          128|
    |win_buf_2_2_2_U  |conv4_win_buf_0_0_0  |        0|  64|   2|     4|   32|     1|          128|
    |win_buf_2_2_3_U  |conv4_win_buf_0_0_0  |        0|  64|   2|     4|   32|     1|          128|
    |win_buf_2_2_4_U  |conv4_win_buf_0_0_0  |        0|  64|   2|     4|   32|     1|          128|
    |win_buf_2_2_5_U  |conv4_win_buf_0_0_0  |        0|  64|   2|     4|   32|     1|          128|
    |win_buf_2_2_6_U  |conv4_win_buf_0_0_0  |        0|  64|   2|     4|   32|     1|          128|
    |win_buf_2_2_7_U  |conv4_win_buf_0_0_0  |        0|  64|   2|     4|   32|     1|          128|
    |linbu_0_0_U      |conv5_linbu_0_0      |        1|   0|   0|    40|   32|     1|         1280|
    |linbu_0_1_U      |conv5_linbu_0_0      |        1|   0|   0|    40|   32|     1|         1280|
    |linbu_0_2_U      |conv5_linbu_0_0      |        1|   0|   0|    40|   32|     1|         1280|
    |linbu_0_3_U      |conv5_linbu_0_0      |        1|   0|   0|    40|   32|     1|         1280|
    |linbu_0_4_U      |conv5_linbu_0_0      |        1|   0|   0|    40|   32|     1|         1280|
    |linbu_0_5_U      |conv5_linbu_0_0      |        1|   0|   0|    40|   32|     1|         1280|
    |linbu_0_6_U      |conv5_linbu_0_0      |        1|   0|   0|    40|   32|     1|         1280|
    |linbu_0_7_U      |conv5_linbu_0_0      |        1|   0|   0|    40|   32|     1|         1280|
    |linbu_1_0_U      |conv5_linbu_0_0      |        1|   0|   0|    40|   32|     1|         1280|
    |linbu_1_1_U      |conv5_linbu_0_0      |        1|   0|   0|    40|   32|     1|         1280|
    |linbu_1_2_U      |conv5_linbu_0_0      |        1|   0|   0|    40|   32|     1|         1280|
    |linbu_1_3_U      |conv5_linbu_0_0      |        1|   0|   0|    40|   32|     1|         1280|
    |linbu_1_4_U      |conv5_linbu_0_0      |        1|   0|   0|    40|   32|     1|         1280|
    |linbu_1_5_U      |conv5_linbu_0_0      |        1|   0|   0|    40|   32|     1|         1280|
    |linbu_1_6_U      |conv5_linbu_0_0      |        1|   0|   0|    40|   32|     1|         1280|
    |linbu_1_7_U      |conv5_linbu_0_0      |        1|   0|   0|    40|   32|     1|         1280|
    +-----------------+---------------------+---------+----+----+------+-----+------+-------------+
    |Total            |                     |       16|4608| 144|   928| 2816|    88|        29696|
    +-----------------+---------------------+---------+----+----+------+-----+------+-------------+

    * FIFO: 
    N/A

    * Expression: 
    +----------------------------------+----------+-------+---+----+------------+------------+
    |           Variable Name          | Operation| DSP48E| FF| LUT| Bitwidth P0| Bitwidth P1|
    +----------------------------------+----------+-------+---+----+------------+------------+
    |c_fu_2302_p2                      |     +    |      0|  0|  13|           4|           1|
    |ic_1_fu_2326_p2                   |     +    |      0|  0|  15|           6|           1|
    |ic_fu_2700_p2                     |     +    |      0|  0|  15|           6|           1|
    |kc_fu_2679_p2                     |     +    |      0|  0|  10|           2|           1|
    |kr_fu_2645_p2                     |     +    |      0|  0|  10|           2|           1|
    |oc_fu_2633_p2                     |     +    |      0|  0|  15|           6|           1|
    |r_fu_2274_p2                      |     +    |      0|  0|  13|           4|           1|
    |tmp_243_i_fu_2689_p2              |     +    |      0|  0|  13|           4|           4|
    |tmp_9_fu_2362_p2                  |     +    |      0|  0|  15|           7|           7|
    |tmp_241_i_fu_2663_p2              |     -    |      0|  0|  13|           4|           4|
    |ap_condition_588                  |    and   |      0|  0|   2|           1|           1|
    |ap_predicate_op616_write_state20  |    and   |      0|  0|   2|           1|           1|
    |ap_predicate_op618_write_state20  |    and   |      0|  0|   2|           1|           1|
    |ap_predicate_op620_write_state20  |    and   |      0|  0|   2|           1|           1|
    |ap_predicate_op622_write_state20  |    and   |      0|  0|   2|           1|           1|
    |ap_predicate_op624_write_state20  |    and   |      0|  0|   2|           1|           1|
    |ap_predicate_op626_write_state20  |    and   |      0|  0|   2|           1|           1|
    |ap_predicate_op628_write_state20  |    and   |      0|  0|   2|           1|           1|
    |ap_predicate_op630_write_state20  |    and   |      0|  0|   2|           1|           1|
    |or_cond_i_fu_2383_p2              |    and   |      0|  0|   2|           1|           1|
    |exitcond1_i_fu_2673_p2            |   icmp   |      0|  0|   8|           2|           2|
    |exitcond2_i_fu_2639_p2            |   icmp   |      0|  0|   8|           2|           2|
    |exitcond3_i_fu_2627_p2            |   icmp   |      0|  0|  11|           6|           7|
    |exitcond4_i_fu_2320_p2            |   icmp   |      0|  0|  11|           6|           7|
    |exitcond5_i_fu_2296_p2            |   icmp   |      0|  0|   9|           4|           4|
    |exitcond6_i_fu_2268_p2            |   icmp   |      0|  0|   9|           4|           4|
    |exitcond_i_fu_2694_p2             |   icmp   |      0|  0|  11|           6|           7|
    |icmp1_fu_2377_p2                  |   icmp   |      0|  0|   9|           3|           1|
    |icmp_fu_2290_p2                   |   icmp   |      0|  0|   9|           3|           1|
    |ap_block_state1                   |    or    |      0|  0|   2|           1|           1|
    |ap_block_state17                  |    or    |      0|  0|   2|           1|           1|
    |ap_block_state20                  |    or    |      0|  0|   2|           1|           1|
    +----------------------------------+----------+-------+---+----+------------+------------+
    |Total                             |          |      0|  0| 243|          94|          70|
    +----------------------------------+----------+-------+---+----+------------+------------+

    * Multiplexer: 
    +------------------------+-----+-----------+-----+-----------+
    |          Name          | LUT | Input Size| Bits| Total Bits|
    +------------------------+-----+-----------+-----+-----------+
    |ap_NS_fsm               |  153|         34|    1|         34|
    |ap_done                 |    9|          2|    1|          2|
    |c_i_reg_2109            |    9|          2|    4|          8|
    |f4_0_blk_n              |    9|          2|    1|          2|
    |f4_1_blk_n              |    9|          2|    1|          2|
    |f4_2_blk_n              |    9|          2|    1|          2|
    |f4_3_blk_n              |    9|          2|    1|          2|
    |f4_4_blk_n              |    9|          2|    1|          2|
    |f4_5_blk_n              |    9|          2|    1|          2|
    |f4_6_blk_n              |    9|          2|    1|          2|
    |f4_7_blk_n              |    9|          2|    1|          2|
    |ic_1_i_reg_2235         |    9|          2|    6|         12|
    |ic_i_reg_2121           |    9|          2|    6|         12|
    |kc_i_reg_2212           |    9|          2|    2|          4|
    |kr_i_reg_2181           |    9|          2|    2|          4|
    |oc_i_reg_2169           |    9|          2|    6|         12|
    |out_0_blk_n             |    9|          2|    1|          2|
    |out_1_blk_n             |    9|          2|    1|          2|
    |out_2_blk_n             |    9|          2|    1|          2|
    |out_3_blk_n             |    9|          2|    1|          2|
    |out_4_blk_n             |    9|          2|    1|          2|
    |out_5_blk_n             |    9|          2|    1|          2|
    |out_6_blk_n             |    9|          2|    1|          2|
    |out_7_blk_n             |    9|          2|    1|          2|
    |r_i_reg_2098            |    9|          2|    4|          8|
    |real_start              |    9|          2|    1|          2|
    |sum1_i_reg_2192         |    9|          2|   32|         64|
    |sum_1_i_reg_2223        |    9|          2|   32|         64|
    |sum_2_i_reg_2246        |    9|          2|   32|         64|
    |val2_reg_2132           |   41|          8|   32|        256|
    |win_buf_0_0_0_address0  |   15|          3|    2|          6|
    |win_buf_0_0_1_address0  |   15|          3|    2|          6|
    |win_buf_0_0_2_address0  |   15|          3|    2|          6|
    |win_buf_0_0_3_address0  |   15|          3|    2|          6|
    |win_buf_0_0_4_address0  |   15|          3|    2|          6|
    |win_buf_0_0_5_address0  |   15|          3|    2|          6|
    |win_buf_0_0_6_address0  |   15|          3|    2|          6|
    |win_buf_0_0_7_address0  |   15|          3|    2|          6|
    |win_buf_0_1_0_address0  |   21|          4|    2|          8|
    |win_buf_0_1_1_address0  |   21|          4|    2|          8|
    |win_buf_0_1_2_address0  |   21|          4|    2|          8|
    |win_buf_0_1_3_address0  |   21|          4|    2|          8|
    |win_buf_0_1_4_address0  |   21|          4|    2|          8|
    |win_buf_0_1_5_address0  |   21|          4|    2|          8|
    |win_buf_0_1_6_address0  |   21|          4|    2|          8|
    |win_buf_0_1_7_address0  |   21|          4|    2|          8|
    |win_buf_0_2_0_address0  |   21|          4|    2|          8|
    |win_buf_0_2_1_address0  |   21|          4|    2|          8|
    |win_buf_0_2_2_address0  |   21|          4|    2|          8|
    |win_buf_0_2_3_address0  |   21|          4|    2|          8|
    |win_buf_0_2_4_address0  |   21|          4|    2|          8|
    |win_buf_0_2_5_address0  |   21|          4|    2|          8|
    |win_buf_0_2_6_address0  |   21|          4|    2|          8|
    |win_buf_0_2_7_address0  |   21|          4|    2|          8|
    |win_buf_1_0_0_address0  |   15|          3|    2|          6|
    |win_buf_1_0_1_address0  |   15|          3|    2|          6|
    |win_buf_1_0_2_address0  |   15|          3|    2|          6|
    |win_buf_1_0_3_address0  |   15|          3|    2|          6|
    |win_buf_1_0_4_address0  |   15|          3|    2|          6|
    |win_buf_1_0_5_address0  |   15|          3|    2|          6|
    |win_buf_1_0_6_address0  |   15|          3|    2|          6|
    |win_buf_1_0_7_address0  |   15|          3|    2|          6|
    |win_buf_1_1_0_address0  |   21|          4|    2|          8|
    |win_buf_1_1_1_address0  |   21|          4|    2|          8|
    |win_buf_1_1_2_address0  |   21|          4|    2|          8|
    |win_buf_1_1_3_address0  |   21|          4|    2|          8|
    |win_buf_1_1_4_address0  |   21|          4|    2|          8|
    |win_buf_1_1_5_address0  |   21|          4|    2|          8|
    |win_buf_1_1_6_address0  |   21|          4|    2|          8|
    |win_buf_1_1_7_address0  |   21|          4|    2|          8|
    |win_buf_1_2_0_address0  |   21|          4|    2|          8|
    |win_buf_1_2_1_address0  |   21|          4|    2|          8|
    |win_buf_1_2_2_address0  |   21|          4|    2|          8|
    |win_buf_1_2_3_address0  |   21|          4|    2|          8|
    |win_buf_1_2_4_address0  |   21|          4|    2|          8|
    |win_buf_1_2_5_address0  |   21|          4|    2|          8|
    |win_buf_1_2_6_address0  |   21|          4|    2|          8|
    |win_buf_1_2_7_address0  |   21|          4|    2|          8|
    |win_buf_2_0_0_address0  |   15|          3|    2|          6|
    |win_buf_2_0_1_address0  |   15|          3|    2|          6|
    |win_buf_2_0_2_address0  |   15|          3|    2|          6|
    |win_buf_2_0_3_address0  |   15|          3|    2|          6|
    |win_buf_2_0_4_address0  |   15|          3|    2|          6|
    |win_buf_2_0_5_address0  |   15|          3|    2|          6|
    |win_buf_2_0_6_address0  |   15|          3|    2|          6|
    |win_buf_2_0_7_address0  |   15|          3|    2|          6|
    |win_buf_2_1_0_address0  |   21|          4|    2|          8|
    |win_buf_2_1_1_address0  |   21|          4|    2|          8|
    |win_buf_2_1_2_address0  |   21|          4|    2|          8|
    |win_buf_2_1_3_address0  |   21|          4|    2|          8|
    |win_buf_2_1_4_address0  |   21|          4|    2|          8|
    |win_buf_2_1_5_address0  |   21|          4|    2|          8|
    |win_buf_2_1_6_address0  |   21|          4|    2|          8|
    |win_buf_2_1_7_address0  |   21|          4|    2|          8|
    |win_buf_2_2_0_address0  |   21|          4|    2|          8|
    |win_buf_2_2_1_address0  |   21|          4|    2|          8|
    |win_buf_2_2_2_address0  |   21|          4|    2|          8|
    |win_buf_2_2_3_address0  |   21|          4|    2|          8|
    |win_buf_2_2_4_address0  |   21|          4|    2|          8|
    |win_buf_2_2_5_address0  |   21|          4|    2|          8|
    |win_buf_2_2_6_address0  |   21|          4|    2|          8|
    |win_buf_2_2_7_address0  |   21|          4|    2|          8|
    +------------------------+-----+-----------+-----+-----------+
    |Total                   | 1814|        362|  321|       1106|
    +------------------------+-----+-----------+-----+-----------+

    * Register: 
    +----------------------------+----+----+-----+-----------+
    |            Name            | FF | LUT| Bits| Const Bits|
    +----------------------------+----+----+-----+-----------+
    |ap_CS_fsm                   |  33|   0|   33|          0|
    |ap_done_reg                 |   1|   0|    1|          0|
    |arrayNo_i_reg_3108          |   3|   0|   32|         29|
    |c_i_reg_2109                |   4|   0|    4|          0|
    |c_reg_2968                  |   4|   0|    4|          0|
    |ic_1_i_reg_2235             |   6|   0|    6|          0|
    |ic_1_reg_2981               |   6|   0|    6|          0|
    |ic_i_reg_2121               |   6|   0|    6|          0|
    |ic_reg_3511                 |   6|   0|    6|          0|
    |icmp_reg_2960               |   1|   0|    1|          0|
    |kc_i_reg_2212               |   2|   0|    2|          0|
    |kc_reg_3498                 |   2|   0|    2|          0|
    |kr_i_reg_2181               |   2|   0|    2|          0|
    |kr_reg_3482                 |   2|   0|    2|          0|
    |linbu_0_0_addr_reg_3119     |   6|   0|    6|          0|
    |linbu_0_1_addr_reg_3124     |   6|   0|    6|          0|
    |linbu_0_2_addr_reg_3129     |   6|   0|    6|          0|
    |linbu_0_3_addr_reg_3134     |   6|   0|    6|          0|
    |linbu_0_4_addr_reg_3139     |   6|   0|    6|          0|
    |linbu_0_5_addr_reg_3144     |   6|   0|    6|          0|
    |linbu_0_6_addr_reg_3149     |   6|   0|    6|          0|
    |linbu_0_7_addr_reg_3154     |   6|   0|    6|          0|
    |linbu_1_0_addr_reg_3159     |   6|   0|    6|          0|
    |linbu_1_1_addr_reg_3164     |   6|   0|    6|          0|
    |linbu_1_2_addr_reg_3169     |   6|   0|    6|          0|
    |linbu_1_3_addr_reg_3174     |   6|   0|    6|          0|
    |linbu_1_4_addr_reg_3179     |   6|   0|    6|          0|
    |linbu_1_5_addr_reg_3184     |   6|   0|    6|          0|
    |linbu_1_6_addr_reg_3189     |   6|   0|    6|          0|
    |linbu_1_7_addr_reg_3194     |   6|   0|    6|          0|
    |newIndex28_i_reg_2991       |   3|   0|   64|         61|
    |oc_i_reg_2169               |   6|   0|    6|          0|
    |oc_reg_3474                 |   6|   0|    6|          0|
    |or_cond_i_reg_3104          |   1|   0|    1|          0|
    |r_i_reg_2098                |   4|   0|    4|          0|
    |r_reg_2955                  |   4|   0|    4|          0|
    |start_once_reg              |   1|   0|    1|          0|
    |sum1_i_reg_2192             |  32|   0|   32|          0|
    |sum_1_i_reg_2223            |  32|   0|   32|          0|
    |sum_2_i_reg_2246            |  32|   0|   32|          0|
    |tmp_21_i_reg_3886           |  32|   0|   32|          0|
    |tmp_241_i_reg_3487          |   4|   0|    4|          0|
    |tmp_243_i_reg_3503          |   4|   0|    4|          0|
    |tmp_49_reg_2986             |   3|   0|    3|          0|
    |tmp_51_reg_3516             |   3|   0|    3|          0|
    |tmp_5_reg_3881              |  32|   0|   32|          0|
    |tmp_8_cast_reg_2973         |   4|   0|    7|          3|
    |tmp_9_reg_3059              |   7|   0|    7|          0|
    |val0_reg_3399               |  32|   0|   32|          0|
    |val1_reg_3411               |  32|   0|   32|          0|
    |val2_reg_2132               |  32|   0|   32|          0|
    |win_buf_0_1_0_add_reg_3064  |   2|   0|    2|          0|
    |win_buf_0_1_1_add_reg_3069  |   2|   0|    2|          0|
    |win_buf_0_1_2_add_reg_3074  |   2|   0|    2|          0|
    |win_buf_0_1_3_add_reg_3079  |   2|   0|    2|          0|
    |win_buf_0_1_4_add_reg_3084  |   2|   0|    2|          0|
    |win_buf_0_1_5_add_reg_3089  |   2|   0|    2|          0|
    |win_buf_0_1_6_add_reg_3094  |   2|   0|    2|          0|
    |win_buf_0_1_7_add_reg_3099  |   2|   0|    2|          0|
    |win_buf_0_2_0_add_reg_3199  |   2|   0|    2|          0|
    |win_buf_0_2_1_add_reg_3204  |   2|   0|    2|          0|
    |win_buf_0_2_2_add_reg_3209  |   2|   0|    2|          0|
    |win_buf_0_2_3_add_reg_3214  |   2|   0|    2|          0|
    |win_buf_0_2_4_add_reg_3219  |   2|   0|    2|          0|
    |win_buf_0_2_5_add_reg_3224  |   2|   0|    2|          0|
    |win_buf_0_2_6_add_reg_3229  |   2|   0|    2|          0|
    |win_buf_0_2_7_add_reg_3234  |   2|   0|    2|          0|
    |win_buf_1_1_0_add_reg_3239  |   2|   0|    2|          0|
    |win_buf_1_1_1_add_reg_3244  |   2|   0|    2|          0|
    |win_buf_1_1_2_add_reg_3249  |   2|   0|    2|          0|
    |win_buf_1_1_3_add_reg_3254  |   2|   0|    2|          0|
    |win_buf_1_1_4_add_reg_3259  |   2|   0|    2|          0|
    |win_buf_1_1_5_add_reg_3264  |   2|   0|    2|          0|
    |win_buf_1_1_6_add_reg_3269  |   2|   0|    2|          0|
    |win_buf_1_1_7_add_reg_3274  |   2|   0|    2|          0|
    |win_buf_1_2_0_add_reg_3279  |   2|   0|    2|          0|
    |win_buf_1_2_1_add_reg_3284  |   2|   0|    2|          0|
    |win_buf_1_2_2_add_reg_3289  |   2|   0|    2|          0|
    |win_buf_1_2_3_add_reg_3294  |   2|   0|    2|          0|
    |win_buf_1_2_4_add_reg_3299  |   2|   0|    2|          0|
    |win_buf_1_2_5_add_reg_3304  |   2|   0|    2|          0|
    |win_buf_1_2_6_add_reg_3309  |   2|   0|    2|          0|
    |win_buf_1_2_7_add_reg_3314  |   2|   0|    2|          0|
    |win_buf_2_1_0_add_reg_3319  |   2|   0|    2|          0|
    |win_buf_2_1_1_add_reg_3324  |   2|   0|    2|          0|
    |win_buf_2_1_2_add_reg_3329  |   2|   0|    2|          0|
    |win_buf_2_1_3_add_reg_3334  |   2|   0|    2|          0|
    |win_buf_2_1_4_add_reg_3339  |   2|   0|    2|          0|
    |win_buf_2_1_5_add_reg_3344  |   2|   0|    2|          0|
    |win_buf_2_1_6_add_reg_3349  |   2|   0|    2|          0|
    |win_buf_2_1_7_add_reg_3354  |   2|   0|    2|          0|
    |win_buf_2_2_0_add_reg_3359  |   2|   0|    2|          0|
    |win_buf_2_2_1_add_reg_3364  |   2|   0|    2|          0|
    |win_buf_2_2_2_add_reg_3369  |   2|   0|    2|          0|
    |win_buf_2_2_3_add_reg_3374  |   2|   0|    2|          0|
    |win_buf_2_2_4_add_reg_3379  |   2|   0|    2|          0|
    |win_buf_2_2_5_add_reg_3384  |   2|   0|    2|          0|
    |win_buf_2_2_6_add_reg_3389  |   2|   0|    2|          0|
    |win_buf_2_2_7_add_reg_3394  |   2|   0|    2|          0|
    +----------------------------+----+----+-----+-----------+
    |Total                       | 576|   0|  669|         93|
    +----------------------------+----+----+-----+-----------+



================================================================
== Interface
================================================================
* Summary: 
+--------------+-----+-----+------------+--------------+--------------+
|   RTL Ports  | Dir | Bits|  Protocol  | Source Object|    C Type    |
+--------------+-----+-----+------------+--------------+--------------+
|ap_clk        |  in |    1| ap_ctrl_hs |     conv5    | return value |
|ap_rst        |  in |    1| ap_ctrl_hs |     conv5    | return value |
|ap_start      |  in |    1| ap_ctrl_hs |     conv5    | return value |
|start_full_n  |  in |    1| ap_ctrl_hs |     conv5    | return value |
|ap_done       | out |    1| ap_ctrl_hs |     conv5    | return value |
|ap_continue   |  in |    1| ap_ctrl_hs |     conv5    | return value |
|ap_idle       | out |    1| ap_ctrl_hs |     conv5    | return value |
|ap_ready      | out |    1| ap_ctrl_hs |     conv5    | return value |
|start_out     | out |    1| ap_ctrl_hs |     conv5    | return value |
|start_write   | out |    1| ap_ctrl_hs |     conv5    | return value |
|out_0_din     | out |   32|   ap_fifo  |     out_0    |    pointer   |
|out_0_full_n  |  in |    1|   ap_fifo  |     out_0    |    pointer   |
|out_0_write   | out |    1|   ap_fifo  |     out_0    |    pointer   |
|out_1_din     | out |   32|   ap_fifo  |     out_1    |    pointer   |
|out_1_full_n  |  in |    1|   ap_fifo  |     out_1    |    pointer   |
|out_1_write   | out |    1|   ap_fifo  |     out_1    |    pointer   |
|out_2_din     | out |   32|   ap_fifo  |     out_2    |    pointer   |
|out_2_full_n  |  in |    1|   ap_fifo  |     out_2    |    pointer   |
|out_2_write   | out |    1|   ap_fifo  |     out_2    |    pointer   |
|out_3_din     | out |   32|   ap_fifo  |     out_3    |    pointer   |
|out_3_full_n  |  in |    1|   ap_fifo  |     out_3    |    pointer   |
|out_3_write   | out |    1|   ap_fifo  |     out_3    |    pointer   |
|out_4_din     | out |   32|   ap_fifo  |     out_4    |    pointer   |
|out_4_full_n  |  in |    1|   ap_fifo  |     out_4    |    pointer   |
|out_4_write   | out |    1|   ap_fifo  |     out_4    |    pointer   |
|out_5_din     | out |   32|   ap_fifo  |     out_5    |    pointer   |
|out_5_full_n  |  in |    1|   ap_fifo  |     out_5    |    pointer   |
|out_5_write   | out |    1|   ap_fifo  |     out_5    |    pointer   |
|out_6_din     | out |   32|   ap_fifo  |     out_6    |    pointer   |
|out_6_full_n  |  in |    1|   ap_fifo  |     out_6    |    pointer   |
|out_6_write   | out |    1|   ap_fifo  |     out_6    |    pointer   |
|out_7_din     | out |   32|   ap_fifo  |     out_7    |    pointer   |
|out_7_full_n  |  in |    1|   ap_fifo  |     out_7    |    pointer   |
|out_7_write   | out |    1|   ap_fifo  |     out_7    |    pointer   |
|f4_0_dout     |  in |   32|   ap_fifo  |     f4_0     |    pointer   |
|f4_0_empty_n  |  in |    1|   ap_fifo  |     f4_0     |    pointer   |
|f4_0_read     | out |    1|   ap_fifo  |     f4_0     |    pointer   |
|f4_1_dout     |  in |   32|   ap_fifo  |     f4_1     |    pointer   |
|f4_1_empty_n  |  in |    1|   ap_fifo  |     f4_1     |    pointer   |
|f4_1_read     | out |    1|   ap_fifo  |     f4_1     |    pointer   |
|f4_2_dout     |  in |   32|   ap_fifo  |     f4_2     |    pointer   |
|f4_2_empty_n  |  in |    1|   ap_fifo  |     f4_2     |    pointer   |
|f4_2_read     | out |    1|   ap_fifo  |     f4_2     |    pointer   |
|f4_3_dout     |  in |   32|   ap_fifo  |     f4_3     |    pointer   |
|f4_3_empty_n  |  in |    1|   ap_fifo  |     f4_3     |    pointer   |
|f4_3_read     | out |    1|   ap_fifo  |     f4_3     |    pointer   |
|f4_4_dout     |  in |   32|   ap_fifo  |     f4_4     |    pointer   |
|f4_4_empty_n  |  in |    1|   ap_fifo  |     f4_4     |    pointer   |
|f4_4_read     | out |    1|   ap_fifo  |     f4_4     |    pointer   |
|f4_5_dout     |  in |   32|   ap_fifo  |     f4_5     |    pointer   |
|f4_5_empty_n  |  in |    1|   ap_fifo  |     f4_5     |    pointer   |
|f4_5_read     | out |    1|   ap_fifo  |     f4_5     |    pointer   |
|f4_6_dout     |  in |   32|   ap_fifo  |     f4_6     |    pointer   |
|f4_6_empty_n  |  in |    1|   ap_fifo  |     f4_6     |    pointer   |
|f4_6_read     | out |    1|   ap_fifo  |     f4_6     |    pointer   |
|f4_7_dout     |  in |   32|   ap_fifo  |     f4_7     |    pointer   |
|f4_7_empty_n  |  in |    1|   ap_fifo  |     f4_7     |    pointer   |
|f4_7_read     | out |    1|   ap_fifo  |     f4_7     |    pointer   |
+--------------+-----+-----+------------+--------------+--------------+

