

================================================================
== Vivado HLS Report for 'conv2'
================================================================
* Date:           Tue Jun  9 11:21:07 2026

* Version:        2018.3 (Build 2405991 on Thu Dec 06 23:56:15 MST 2018)
* Project:        topp
* Solution:       solution4
* Product family: zynq
* Target device:  xc7z020clg484-1


================================================================
== Performance Estimates
================================================================
+ Timing (ns): 
    * Summary: 
    +--------+-------+----------+------------+
    |  Clock | Target| Estimated| Uncertainty|
    +--------+-------+----------+------------+
    |ap_clk  |  10.00|     7.767|        1.25|
    +--------+-------+----------+------------+

+ Latency (clock cycles): 
    * Summary: 
    +--------+----------+--------+----------+---------+
    |      Latency      |      Interval     | Pipeline|
    |   min  |    max   |   min  |    max   |   Type  |
    +--------+----------+--------+----------+---------+
    |  102890|  11604138|  102890|  11604138|   none  |
    +--------+----------+--------+----------+---------+

    + Detail: 
        * Instance: 
        N/A

        * Loop: 
        +-----------------------------+--------+----------+---------------+-----------+-----------+------+----------+
        |                             |      Latency      |   Iteration   |  Initiation Interval  | Trip |          |
        |          Loop Name          |   min  |    max   |    Latency    |  achieved |   target  | Count| Pipelined|
        +-----------------------------+--------+----------+---------------+-----------+-----------+------+----------+
        |- Loop 1                     |  102889|  11604137| 3319 ~ 374327 |          -|          -|    31|    no    |
        | + Loop 1.1                  |    3317|    374325|  107 ~ 12075  |          -|          -|    31|    no    |
        |  ++ Loop 1.1.1              |     104|       104|             13|          -|          -|     8|    no    |
        |  ++ Loop 1.1.2              |   11968|     11968|            748|          -|          -|    16|    no    |
        |   +++ Loop 1.1.2.1          |     744|       744|            248|          -|          -|     3|    no    |
        |    ++++ Loop 1.1.2.1.1      |     246|       246|             82|          -|          -|     3|    no    |
        |     +++++ Loop 1.1.2.1.1.1  |      80|        80|             10|          -|          -|     8|    no    |
        +-----------------------------+--------+----------+---------------+-----------+-----------+------+----------+



================================================================
== Utilization Estimates
================================================================
* Summary: 
+-----------------+---------+-------+--------+-------+
|       Name      | BRAM_18K| DSP48E|   FF   |  LUT  |
+-----------------+---------+-------+--------+-------+
|DSP              |        -|      -|       -|      -|
|Expression       |        -|      -|       0|    281|
|FIFO             |        -|      -|       -|      -|
|Instance         |        -|      5|     414|   1535|
|Memory           |        0|      -|    1024|    256|
|Multiplexer      |        -|      -|       -|    438|
|Register         |        -|      -|    2775|      -|
+-----------------+---------+-------+--------+-------+
|Total            |        0|      5|    4213|   2510|
+-----------------+---------+-------+--------+-------+
|Available        |      280|    220|  106400|  53200|
+-----------------+---------+-------+--------+-------+
|Utilization (%)  |        0|      2|       3|      4|
+-----------------+---------+-------+--------+-------+

+ Detail: 
    * Instance: 
    +--------------------------+----------------------+---------+-------+-----+-----+
    |         Instance         |        Module        | BRAM_18K| DSP48E|  FF | LUT |
    +--------------------------+----------------------+---------+-------+-----+-----+
    |topp_fadd_32ns_32bkb_U44  |topp_fadd_32ns_32bkb  |        0|      2|  205|  390|
    |topp_fcmp_32ns_32dEe_U46  |topp_fcmp_32ns_32dEe  |        0|      0|   66|  239|
    |topp_fmul_32ns_32cud_U45  |topp_fmul_32ns_32cud  |        0|      3|  143|  321|
    |topp_mux_727_32_1_1_U55   |topp_mux_727_32_1_1   |        0|      0|    0|   65|
    |topp_mux_83_32_1_1_U47    |topp_mux_83_32_1_1    |        0|      0|    0|   65|
    |topp_mux_83_32_1_1_U48    |topp_mux_83_32_1_1    |        0|      0|    0|   65|
    |topp_mux_83_32_1_1_U49    |topp_mux_83_32_1_1    |        0|      0|    0|   65|
    |topp_mux_83_32_1_1_U50    |topp_mux_83_32_1_1    |        0|      0|    0|   65|
    |topp_mux_83_32_1_1_U51    |topp_mux_83_32_1_1    |        0|      0|    0|   65|
    |topp_mux_83_32_1_1_U52    |topp_mux_83_32_1_1    |        0|      0|    0|   65|
    |topp_mux_83_32_1_1_U53    |topp_mux_83_32_1_1    |        0|      0|    0|   65|
    |topp_mux_83_32_1_1_U54    |topp_mux_83_32_1_1    |        0|      0|    0|   65|
    +--------------------------+----------------------+---------+-------+-----+-----+
    |Total                     |                      |        0|      5|  414| 1535|
    +--------------------------+----------------------+---------+-------+-----+-----+

    * DSP48: 
    N/A

    * Memory: 
    +---------------+-------------------+---------+----+----+------+-----+------+-------------+
    |     Memory    |       Module      | BRAM_18K| FF | LUT| Words| Bits| Banks| W*Bits*Banks|
    +---------------+-------------------+---------+----+----+------+-----+------+-------------+
    |linbu_5_0_0_U  |conv2_linbu_5_0_0  |        0|  64|  16|    31|   32|     1|          992|
    |linbu_5_0_1_U  |conv2_linbu_5_0_0  |        0|  64|  16|    31|   32|     1|          992|
    |linbu_5_0_2_U  |conv2_linbu_5_0_0  |        0|  64|  16|    31|   32|     1|          992|
    |linbu_5_0_3_U  |conv2_linbu_5_0_0  |        0|  64|  16|    31|   32|     1|          992|
    |linbu_5_0_4_U  |conv2_linbu_5_0_0  |        0|  64|  16|    31|   32|     1|          992|
    |linbu_5_0_5_U  |conv2_linbu_5_0_0  |        0|  64|  16|    31|   32|     1|          992|
    |linbu_5_0_6_U  |conv2_linbu_5_0_0  |        0|  64|  16|    31|   32|     1|          992|
    |linbu_5_0_7_U  |conv2_linbu_5_0_0  |        0|  64|  16|    31|   32|     1|          992|
    |linbu_5_1_0_U  |conv2_linbu_5_0_0  |        0|  64|  16|    31|   32|     1|          992|
    |linbu_5_1_1_U  |conv2_linbu_5_0_0  |        0|  64|  16|    31|   32|     1|          992|
    |linbu_5_1_2_U  |conv2_linbu_5_0_0  |        0|  64|  16|    31|   32|     1|          992|
    |linbu_5_1_3_U  |conv2_linbu_5_0_0  |        0|  64|  16|    31|   32|     1|          992|
    |linbu_5_1_4_U  |conv2_linbu_5_0_0  |        0|  64|  16|    31|   32|     1|          992|
    |linbu_5_1_5_U  |conv2_linbu_5_0_0  |        0|  64|  16|    31|   32|     1|          992|
    |linbu_5_1_6_U  |conv2_linbu_5_0_0  |        0|  64|  16|    31|   32|     1|          992|
    |linbu_5_1_7_U  |conv2_linbu_5_0_0  |        0|  64|  16|    31|   32|     1|          992|
    +---------------+-------------------+---------+----+----+------+-----+------+-------------+
    |Total          |                   |        0|1024| 256|   496|  512|    16|        15872|
    +---------------+-------------------+---------+----+----+------+-----+------+-------------+

    * FIFO: 
    N/A

    * Expression: 
    +------------------------+----------+-------+---+----+------------+------------+
    |      Variable Name     | Operation| DSP48E| FF| LUT| Bitwidth P0| Bitwidth P1|
    +------------------------+----------+-------+---+----+------------+------------+
    |c_fu_1075_p2            |     +    |      0|  0|  15|           5|           1|
    |ic_4_fu_1107_p2         |     +    |      0|  0|  13|           4|           1|
    |ic_fu_1774_p2           |     +    |      0|  0|  13|           4|           1|
    |kc_fu_1753_p2           |     +    |      0|  0|  10|           2|           1|
    |kr_fu_1669_p2           |     +    |      0|  0|  10|           2|           1|
    |oc_fu_1657_p2           |     +    |      0|  0|  15|           5|           1|
    |r_fu_1047_p2            |     +    |      0|  0|  15|           5|           1|
    |tmp_300_i_fu_1763_p2    |     +    |      0|  0|  13|           4|           4|
    |tmp_298_i_fu_1687_p2    |     -    |      0|  0|  13|           4|           4|
    |ap_condition_442        |    and   |      0|  0|   2|           1|           1|
    |or_cond_i_fu_1195_p2    |    and   |      0|  0|   2|           1|           1|
    |tmp_22_fu_1729_p2       |    and   |      0|  0|   2|           1|           1|
    |exitcond1_i_fu_1747_p2  |   icmp   |      0|  0|   8|           2|           2|
    |exitcond2_i_fu_1663_p2  |   icmp   |      0|  0|   8|           2|           2|
    |exitcond3_i_fu_1651_p2  |   icmp   |      0|  0|  11|           5|           6|
    |exitcond4_i_fu_1101_p2  |   icmp   |      0|  0|  11|           4|           5|
    |exitcond5_i_fu_1069_p2  |   icmp   |      0|  0|  11|           5|           2|
    |exitcond6_i_fu_1041_p2  |   icmp   |      0|  0|  11|           5|           2|
    |exitcond_i_fu_1768_p2   |   icmp   |      0|  0|  11|           4|           5|
    |icmp4_fu_1189_p2        |   icmp   |      0|  0|   9|           4|           1|
    |icmp_fu_1063_p2         |   icmp   |      0|  0|   9|           4|           1|
    |notlhs_fu_1711_p2       |   icmp   |      0|  0|  11|           8|           2|
    |notrhs_fu_1717_p2       |   icmp   |      0|  0|  18|          23|           1|
    |ap_block_state1         |    or    |      0|  0|   2|           1|           1|
    |ap_block_state11        |    or    |      0|  0|   2|           1|           1|
    |ap_block_state30        |    or    |      0|  0|   2|           1|           1|
    |tmp_21_fu_1723_p2       |    or    |      0|  0|   2|           1|           1|
    |sum_3_i_fu_1735_p3      |  select  |      0|  0|  32|           1|           1|
    +------------------------+----------+-------+---+----+------------+------------+
    |Total                   |          |      0|  0| 281|         109|          52|
    +------------------------+----------+-------+---+----+------------+------------+

    * Multiplexer: 
    +-----------------------+-----+-----------+-----+-----------+
    |          Name         | LUT | Input Size| Bits| Total Bits|
    +-----------------------+-----+-----------+-----+-----------+
    |ap_NS_fsm              |  145|         32|    1|         32|
    |ap_done                |    9|          2|    1|          2|
    |c_i_reg_747            |    9|          2|    5|         10|
    |ic_1_i_reg_858         |    9|          2|    4|          8|
    |ic_i_reg_759           |    9|          2|    4|          8|
    |kc_i_reg_835           |    9|          2|    2|          4|
    |kr_i_reg_812           |    9|          2|    2|          4|
    |oc_i_reg_800           |    9|          2|    5|         10|
    |out_0_blk_n            |    9|          2|    1|          2|
    |out_1_blk_n            |    9|          2|    1|          2|
    |out_2_blk_n            |    9|          2|    1|          2|
    |out_3_blk_n            |    9|          2|    1|          2|
    |out_4_blk_n            |    9|          2|    1|          2|
    |out_5_blk_n            |    9|          2|    1|          2|
    |out_6_blk_n            |    9|          2|    1|          2|
    |out_7_blk_n            |    9|          2|    1|          2|
    |p1_0_blk_n             |    9|          2|    1|          2|
    |p1_1_blk_n             |    9|          2|    1|          2|
    |p1_2_blk_n             |    9|          2|    1|          2|
    |p1_3_blk_n             |    9|          2|    1|          2|
    |p1_4_blk_n             |    9|          2|    1|          2|
    |p1_5_blk_n             |    9|          2|    1|          2|
    |p1_6_blk_n             |    9|          2|    1|          2|
    |p1_7_blk_n             |    9|          2|    1|          2|
    |r_i_reg_736            |    9|          2|    5|         10|
    |real_start             |    9|          2|    1|          2|
    |sum8_i_reg_823         |    9|          2|   32|         64|
    |sum_1_i_reg_846        |    9|          2|   32|         64|
    |sum_2_i_reg_869        |    9|          2|   32|         64|
    |win_buf_2_2_0_reg_770  |   41|          8|   32|        256|
    +-----------------------+-----+-----------+-----+-----------+
    |Total                  |  438|         96|  174|        570|
    +-----------------------+-----+-----------+-----+-----------+

    * Register: 
    +---------------------------+----+----+-----+-----------+
    |            Name           | FF | LUT| Bits| Const Bits|
    +---------------------------+----+----+-----+-----------+
    |ap_CS_fsm                  |  31|   0|   31|          0|
    |ap_done_reg                |   1|   0|    1|          0|
    |c_i_reg_747                |   5|   0|    5|          0|
    |c_reg_2461                 |   5|   0|    5|          0|
    |ic_1_i_reg_858             |   4|   0|    4|          0|
    |ic_4_reg_2549              |   4|   0|    4|          0|
    |ic_i_reg_759               |   4|   0|    4|          0|
    |ic_reg_2694                |   4|   0|    4|          0|
    |icmp_reg_2453              |   1|   0|    1|          0|
    |kc_i_reg_835               |   2|   0|    2|          0|
    |kc_reg_2681                |   2|   0|    2|          0|
    |kr_i_reg_812               |   2|   0|    2|          0|
    |kr_reg_2652                |   2|   0|    2|          0|
    |linbu_5_0_0_addr_reg_2466  |   5|   0|    5|          0|
    |linbu_5_0_1_addr_reg_2471  |   5|   0|    5|          0|
    |linbu_5_0_2_addr_reg_2476  |   5|   0|    5|          0|
    |linbu_5_0_3_addr_reg_2481  |   5|   0|    5|          0|
    |linbu_5_0_4_addr_reg_2486  |   5|   0|    5|          0|
    |linbu_5_0_5_addr_reg_2491  |   5|   0|    5|          0|
    |linbu_5_0_6_addr_reg_2496  |   5|   0|    5|          0|
    |linbu_5_0_7_addr_reg_2501  |   5|   0|    5|          0|
    |linbu_5_1_0_addr_reg_2506  |   5|   0|    5|          0|
    |linbu_5_1_1_addr_reg_2511  |   5|   0|    5|          0|
    |linbu_5_1_2_addr_reg_2516  |   5|   0|    5|          0|
    |linbu_5_1_3_addr_reg_2521  |   5|   0|    5|          0|
    |linbu_5_1_4_addr_reg_2526  |   5|   0|    5|          0|
    |linbu_5_1_5_addr_reg_2531  |   5|   0|    5|          0|
    |linbu_5_1_6_addr_reg_2536  |   5|   0|    5|          0|
    |linbu_5_1_7_addr_reg_2541  |   5|   0|    5|          0|
    |oc_i_reg_800               |   5|   0|    5|          0|
    |oc_reg_2644                |   5|   0|    5|          0|
    |or_cond_i_reg_2565         |   1|   0|    1|          0|
    |r_i_reg_736                |   5|   0|    5|          0|
    |r_reg_2448                 |   5|   0|    5|          0|
    |start_once_reg             |   1|   0|    1|          0|
    |sum8_i_reg_823             |  32|   0|   32|          0|
    |sum_1_i_reg_846            |  32|   0|   32|          0|
    |sum_2_i_reg_869            |  32|   0|   32|          0|
    |sum_3_i_reg_2662           |  32|   0|   32|          0|
    |tmp_23_reg_2699            |  32|   0|   32|          0|
    |tmp_298_i_reg_2657         |   4|   0|    4|          0|
    |tmp_300_i_reg_2686         |   4|   0|    4|          0|
    |tmp_57_i_reg_2704          |  32|   0|   32|          0|
    |tmp_66_reg_2554            |   3|   0|    3|          0|
    |tmp_68_reg_2674            |   3|   0|    3|          0|
    |win_buf_0_0_7_1_fu_156     |  32|   0|   32|          0|
    |win_buf_0_0_7_2_fu_160     |  32|   0|   32|          0|
    |win_buf_0_0_7_3_fu_164     |  32|   0|   32|          0|
    |win_buf_0_0_7_4_fu_168     |  32|   0|   32|          0|
    |win_buf_0_0_7_5_fu_172     |  32|   0|   32|          0|
    |win_buf_0_0_7_6_fu_176     |  32|   0|   32|          0|
    |win_buf_0_0_7_7_fu_180     |  32|   0|   32|          0|
    |win_buf_0_0_7_fu_152       |  32|   0|   32|          0|
    |win_buf_0_1_7_1_fu_188     |  32|   0|   32|          0|
    |win_buf_0_1_7_2_fu_192     |  32|   0|   32|          0|
    |win_buf_0_1_7_3_fu_196     |  32|   0|   32|          0|
    |win_buf_0_1_7_4_fu_200     |  32|   0|   32|          0|
    |win_buf_0_1_7_5_fu_204     |  32|   0|   32|          0|
    |win_buf_0_1_7_6_fu_208     |  32|   0|   32|          0|
    |win_buf_0_1_7_7_fu_212     |  32|   0|   32|          0|
    |win_buf_0_1_7_fu_184       |  32|   0|   32|          0|
    |win_buf_0_2_0_reg_2569     |  32|   0|   32|          0|
    |win_buf_0_2_7_1_fu_220     |  32|   0|   32|          0|
    |win_buf_0_2_7_2_fu_224     |  32|   0|   32|          0|
    |win_buf_0_2_7_3_fu_228     |  32|   0|   32|          0|
    |win_buf_0_2_7_4_fu_232     |  32|   0|   32|          0|
    |win_buf_0_2_7_5_fu_236     |  32|   0|   32|          0|
    |win_buf_0_2_7_6_fu_240     |  32|   0|   32|          0|
    |win_buf_0_2_7_7_fu_244     |  32|   0|   32|          0|
    |win_buf_0_2_7_fu_216       |  32|   0|   32|          0|
    |win_buf_1_0_7_1_fu_252     |  32|   0|   32|          0|
    |win_buf_1_0_7_2_fu_256     |  32|   0|   32|          0|
    |win_buf_1_0_7_3_fu_260     |  32|   0|   32|          0|
    |win_buf_1_0_7_4_fu_264     |  32|   0|   32|          0|
    |win_buf_1_0_7_5_fu_268     |  32|   0|   32|          0|
    |win_buf_1_0_7_6_fu_272     |  32|   0|   32|          0|
    |win_buf_1_0_7_7_fu_276     |  32|   0|   32|          0|
    |win_buf_1_0_7_fu_248       |  32|   0|   32|          0|
    |win_buf_1_1_7_1_fu_284     |  32|   0|   32|          0|
    |win_buf_1_1_7_2_fu_288     |  32|   0|   32|          0|
    |win_buf_1_1_7_3_fu_292     |  32|   0|   32|          0|
    |win_buf_1_1_7_4_fu_296     |  32|   0|   32|          0|
    |win_buf_1_1_7_5_fu_300     |  32|   0|   32|          0|
    |win_buf_1_1_7_6_fu_304     |  32|   0|   32|          0|
    |win_buf_1_1_7_7_fu_308     |  32|   0|   32|          0|
    |win_buf_1_1_7_fu_280       |  32|   0|   32|          0|
    |win_buf_1_2_0_reg_2581     |  32|   0|   32|          0|
    |win_buf_1_2_7_1_fu_316     |  32|   0|   32|          0|
    |win_buf_1_2_7_2_fu_320     |  32|   0|   32|          0|
    |win_buf_1_2_7_3_fu_324     |  32|   0|   32|          0|
    |win_buf_1_2_7_4_fu_328     |  32|   0|   32|          0|
    |win_buf_1_2_7_5_fu_332     |  32|   0|   32|          0|
    |win_buf_1_2_7_6_fu_336     |  32|   0|   32|          0|
    |win_buf_1_2_7_7_fu_340     |  32|   0|   32|          0|
    |win_buf_1_2_7_fu_312       |  32|   0|   32|          0|
    |win_buf_2_0_7_1_fu_348     |  32|   0|   32|          0|
    |win_buf_2_0_7_2_fu_352     |  32|   0|   32|          0|
    |win_buf_2_0_7_3_fu_356     |  32|   0|   32|          0|
    |win_buf_2_0_7_4_fu_360     |  32|   0|   32|          0|
    |win_buf_2_0_7_5_fu_364     |  32|   0|   32|          0|
    |win_buf_2_0_7_6_fu_368     |  32|   0|   32|          0|
    |win_buf_2_0_7_7_fu_372     |  32|   0|   32|          0|
    |win_buf_2_0_7_fu_344       |  32|   0|   32|          0|
    |win_buf_2_1_7_1_fu_380     |  32|   0|   32|          0|
    |win_buf_2_1_7_2_fu_384     |  32|   0|   32|          0|
    |win_buf_2_1_7_3_fu_388     |  32|   0|   32|          0|
    |win_buf_2_1_7_4_fu_392     |  32|   0|   32|          0|
    |win_buf_2_1_7_5_fu_396     |  32|   0|   32|          0|
    |win_buf_2_1_7_6_fu_400     |  32|   0|   32|          0|
    |win_buf_2_1_7_7_fu_404     |  32|   0|   32|          0|
    |win_buf_2_1_7_fu_376       |  32|   0|   32|          0|
    |win_buf_2_2_0_reg_770      |  32|   0|   32|          0|
    |win_buf_2_2_7_1_fu_412     |  32|   0|   32|          0|
    |win_buf_2_2_7_2_fu_416     |  32|   0|   32|          0|
    |win_buf_2_2_7_3_fu_420     |  32|   0|   32|          0|
    |win_buf_2_2_7_4_fu_424     |  32|   0|   32|          0|
    |win_buf_2_2_7_5_fu_428     |  32|   0|   32|          0|
    |win_buf_2_2_7_6_fu_432     |  32|   0|   32|          0|
    |win_buf_2_2_7_7_fu_436     |  32|   0|   32|          0|
    |win_buf_2_2_7_fu_408       |  32|   0|   32|          0|
    +---------------------------+----+----+-----+-----------+
    |Total                      |2775|   0| 2775|          0|
    +---------------------------+----+----+-----+-----------+



================================================================
== Interface
================================================================
* Summary: 
+--------------+-----+-----+------------+--------------+--------------+
|   RTL Ports  | Dir | Bits|  Protocol  | Source Object|    C Type    |
+--------------+-----+-----+------------+--------------+--------------+
|ap_clk        |  in |    1| ap_ctrl_hs |     conv2    | return value |
|ap_rst        |  in |    1| ap_ctrl_hs |     conv2    | return value |
|ap_start      |  in |    1| ap_ctrl_hs |     conv2    | return value |
|start_full_n  |  in |    1| ap_ctrl_hs |     conv2    | return value |
|ap_done       | out |    1| ap_ctrl_hs |     conv2    | return value |
|ap_continue   |  in |    1| ap_ctrl_hs |     conv2    | return value |
|ap_idle       | out |    1| ap_ctrl_hs |     conv2    | return value |
|ap_ready      | out |    1| ap_ctrl_hs |     conv2    | return value |
|start_out     | out |    1| ap_ctrl_hs |     conv2    | return value |
|start_write   | out |    1| ap_ctrl_hs |     conv2    | return value |
|out_0_din     | out |   32|   ap_fifo  |     out_0    |    pointer   |
|out_0_full_n  |  in |    1|   ap_fifo  |     out_0    |    pointer   |
|out_0_write   | out |    1|   ap_fifo  |     out_0    |    pointer   |
|out_1_din     | out |   32|   ap_fifo  |     out_1    |    pointer   |
|out_1_full_n  |  in |    1|   ap_fifo  |     out_1    |    pointer   |
|out_1_write   | out |    1|   ap_fifo  |     out_1    |    pointer   |
|out_2_din     | out |   32|   ap_fifo  |     out_2    |    pointer   |
|out_2_full_n  |  in |    1|   ap_fifo  |     out_2    |    pointer   |
|out_2_write   | out |    1|   ap_fifo  |     out_2    |    pointer   |
|out_3_din     | out |   32|   ap_fifo  |     out_3    |    pointer   |
|out_3_full_n  |  in |    1|   ap_fifo  |     out_3    |    pointer   |
|out_3_write   | out |    1|   ap_fifo  |     out_3    |    pointer   |
|out_4_din     | out |   32|   ap_fifo  |     out_4    |    pointer   |
|out_4_full_n  |  in |    1|   ap_fifo  |     out_4    |    pointer   |
|out_4_write   | out |    1|   ap_fifo  |     out_4    |    pointer   |
|out_5_din     | out |   32|   ap_fifo  |     out_5    |    pointer   |
|out_5_full_n  |  in |    1|   ap_fifo  |     out_5    |    pointer   |
|out_5_write   | out |    1|   ap_fifo  |     out_5    |    pointer   |
|out_6_din     | out |   32|   ap_fifo  |     out_6    |    pointer   |
|out_6_full_n  |  in |    1|   ap_fifo  |     out_6    |    pointer   |
|out_6_write   | out |    1|   ap_fifo  |     out_6    |    pointer   |
|out_7_din     | out |   32|   ap_fifo  |     out_7    |    pointer   |
|out_7_full_n  |  in |    1|   ap_fifo  |     out_7    |    pointer   |
|out_7_write   | out |    1|   ap_fifo  |     out_7    |    pointer   |
|p1_0_dout     |  in |   32|   ap_fifo  |     p1_0     |    pointer   |
|p1_0_empty_n  |  in |    1|   ap_fifo  |     p1_0     |    pointer   |
|p1_0_read     | out |    1|   ap_fifo  |     p1_0     |    pointer   |
|p1_1_dout     |  in |   32|   ap_fifo  |     p1_1     |    pointer   |
|p1_1_empty_n  |  in |    1|   ap_fifo  |     p1_1     |    pointer   |
|p1_1_read     | out |    1|   ap_fifo  |     p1_1     |    pointer   |
|p1_2_dout     |  in |   32|   ap_fifo  |     p1_2     |    pointer   |
|p1_2_empty_n  |  in |    1|   ap_fifo  |     p1_2     |    pointer   |
|p1_2_read     | out |    1|   ap_fifo  |     p1_2     |    pointer   |
|p1_3_dout     |  in |   32|   ap_fifo  |     p1_3     |    pointer   |
|p1_3_empty_n  |  in |    1|   ap_fifo  |     p1_3     |    pointer   |
|p1_3_read     | out |    1|   ap_fifo  |     p1_3     |    pointer   |
|p1_4_dout     |  in |   32|   ap_fifo  |     p1_4     |    pointer   |
|p1_4_empty_n  |  in |    1|   ap_fifo  |     p1_4     |    pointer   |
|p1_4_read     | out |    1|   ap_fifo  |     p1_4     |    pointer   |
|p1_5_dout     |  in |   32|   ap_fifo  |     p1_5     |    pointer   |
|p1_5_empty_n  |  in |    1|   ap_fifo  |     p1_5     |    pointer   |
|p1_5_read     | out |    1|   ap_fifo  |     p1_5     |    pointer   |
|p1_6_dout     |  in |   32|   ap_fifo  |     p1_6     |    pointer   |
|p1_6_empty_n  |  in |    1|   ap_fifo  |     p1_6     |    pointer   |
|p1_6_read     | out |    1|   ap_fifo  |     p1_6     |    pointer   |
|p1_7_dout     |  in |   32|   ap_fifo  |     p1_7     |    pointer   |
|p1_7_empty_n  |  in |    1|   ap_fifo  |     p1_7     |    pointer   |
|p1_7_read     | out |    1|   ap_fifo  |     p1_7     |    pointer   |
+--------------+-----+-----+------------+--------------+--------------+

