

================================================================
== Vivado HLS Report for 'conv1'
================================================================
* Date:           Tue Jun  9 11:21:03 2026

* Version:        2018.3 (Build 2405991 on Thu Dec 06 23:56:15 MST 2018)
* Project:        topp
* Solution:       solution4
* Product family: zynq
* Target device:  xc7z020clg484-1


================================================================
== Performance Estimates
================================================================
+ Timing (ns): 
    * Summary: 
    +--------+-------+----------+------------+
    |  Clock | Target| Estimated| Uncertainty|
    +--------+-------+----------+------------+
    |ap_clk  |  10.00|     8.281|        1.25|
    +--------+-------+----------+------------+

+ Latency (clock cycles): 
    * Summary: 
    +-------+---------+-------+---------+---------+
    |     Latency     |     Interval    | Pipeline|
    |  min  |   max   |  min  |   max   |   Type  |
    +-------+---------+-------+---------+---------+
    |  36993|  9801857|  36993|  9801857|   none  |
    +-------+---------+-------+---------+---------+

    + Detail: 
        * Instance: 
        N/A

        * Loop: 
        +-----------------------------+-------+---------+--------------+-----------+-----------+------+----------+
        |                             |     Latency     |   Iteration  |  Initiation Interval  | Trip |          |
        |          Loop Name          |  min  |   max   |    Latency   |  achieved |   target  | Count| Pipelined|
        +-----------------------------+-------+---------+--------------+-----------+-----------+------+----------+
        |- Loop 1                     |  36992|  9801856| 578 ~ 153154 |          -|          -|    64|    no    |
        | + Loop 1.1                  |    576|   153152|   9 ~ 2393   |          -|          -|    64|    no    |
        |  ++ Loop 1.1.1              |      6|        6|             2|          -|          -|     3|    no    |
        |  ++ Loop 1.1.2              |   2384|     2384|           298|          -|          -|     8|    no    |
        |   +++ Loop 1.1.2.1          |    294|      294|            98|          -|          -|     3|    no    |
        |    ++++ Loop 1.1.2.1.1      |     96|       96|            32|          -|          -|     3|    no    |
        |     +++++ Loop 1.1.2.1.1.1  |     30|       30|            10|          -|          -|     3|    no    |
        +-----------------------------+-------+---------+--------------+-----------+-----------+------+----------+



================================================================
== Utilization Estimates
================================================================
* Summary: 
+-----------------+---------+-------+--------+-------+
|       Name      | BRAM_18K| DSP48E|   FF   |  LUT  |
+-----------------+---------+-------+--------+-------+
|DSP              |        -|      -|       -|      -|
|Expression       |        -|      -|       0|    358|
|FIFO             |        -|      -|       -|      -|
|Instance         |        -|      5|     414|   1535|
|Memory           |        6|      -|       0|      0|
|Multiplexer      |        -|      -|       -|    281|
|Register         |        -|      -|    1202|      -|
+-----------------+---------+-------+--------+-------+
|Total            |        6|      5|    1616|   2174|
+-----------------+---------+-------+--------+-------+
|Available        |      280|    220|  106400|  53200|
+-----------------+---------+-------+--------+-------+
|Utilization (%)  |        2|      2|       1|      4|
+-----------------+---------+-------+--------+-------+

+ Detail: 
    * Instance: 
    +-------------------------+----------------------+---------+-------+-----+-----+
    |         Instance        |        Module        | BRAM_18K| DSP48E|  FF | LUT |
    +-------------------------+----------------------+---------+-------+-----+-----+
    |topp_fadd_32ns_32bkb_U1  |topp_fadd_32ns_32bkb  |        0|      2|  205|  390|
    |topp_fcmp_32ns_32dEe_U3  |topp_fcmp_32ns_32dEe  |        0|      0|   66|  239|
    |topp_fmul_32ns_32cud_U2  |topp_fmul_32ns_32cud  |        0|      3|  143|  321|
    |topp_mux_275_32_1_1_U12  |topp_mux_275_32_1_1   |        0|      0|    0|   65|
    |topp_mux_32_32_1_1_U4    |topp_mux_32_32_1_1    |        0|      0|    0|   65|
    |topp_mux_32_32_1_1_U5    |topp_mux_32_32_1_1    |        0|      0|    0|   65|
    |topp_mux_32_32_1_1_U6    |topp_mux_32_32_1_1    |        0|      0|    0|   65|
    |topp_mux_32_32_1_1_U7    |topp_mux_32_32_1_1    |        0|      0|    0|   65|
    |topp_mux_32_32_1_1_U8    |topp_mux_32_32_1_1    |        0|      0|    0|   65|
    |topp_mux_32_32_1_1_U9    |topp_mux_32_32_1_1    |        0|      0|    0|   65|
    |topp_mux_32_32_1_1_U10   |topp_mux_32_32_1_1    |        0|      0|    0|   65|
    |topp_mux_32_32_1_1_U11   |topp_mux_32_32_1_1    |        0|      0|    0|   65|
    +-------------------------+----------------------+---------+-------+-----+-----+
    |Total                    |                      |        0|      5|  414| 1535|
    +-------------------------+----------------------+---------+-------+-----+-----+

    * DSP48: 
    N/A

    * Memory: 
    +---------------+-------------------+---------+---+----+------+-----+------+-------------+
    |     Memory    |       Module      | BRAM_18K| FF| LUT| Words| Bits| Banks| W*Bits*Banks|
    +---------------+-------------------+---------+---+----+------+-----+------+-------------+
    |linbu_4_0_0_U  |conv1_linbu_4_0_0  |        1|  0|   0|    64|   32|     1|         2048|
    |linbu_4_0_1_U  |conv1_linbu_4_0_0  |        1|  0|   0|    64|   32|     1|         2048|
    |linbu_4_0_2_U  |conv1_linbu_4_0_0  |        1|  0|   0|    64|   32|     1|         2048|
    |linbu_4_1_0_U  |conv1_linbu_4_0_0  |        1|  0|   0|    64|   32|     1|         2048|
    |linbu_4_1_1_U  |conv1_linbu_4_0_0  |        1|  0|   0|    64|   32|     1|         2048|
    |linbu_4_1_2_U  |conv1_linbu_4_0_0  |        1|  0|   0|    64|   32|     1|         2048|
    +---------------+-------------------+---------+---+----+------+-----+------+-------------+
    |Total          |                   |        6|  0|   0|   384|  192|     6|        12288|
    +---------------+-------------------+---------+---+----+------+-----+------+-------------+

    * FIFO: 
    N/A

    * Expression: 
    +----------------------+----------+-------+---+----+------------+------------+
    |     Variable Name    | Operation| DSP48E| FF| LUT| Bitwidth P0| Bitwidth P1|
    +----------------------+----------+-------+---+----+------------+------------+
    |c_1_fu_602_p2         |     +    |      0|  0|  15|           7|           1|
    |ic_5_fu_1075_p2       |     +    |      0|  0|  10|           2|           1|
    |ic_6_fu_655_p2        |     +    |      0|  0|  10|           2|           1|
    |kc_1_fu_1032_p2       |     +    |      0|  0|  10|           2|           1|
    |kr_1_fu_948_p2        |     +    |      0|  0|  10|           2|           1|
    |oc_2_fu_936_p2        |     +    |      0|  0|  13|           4|           1|
    |r_1_fu_562_p2         |     +    |      0|  0|  15|           7|           1|
    |tmp_26_fu_665_p2      |     +    |      0|  0|  21|          15|          15|
    |tmp_30_fu_1117_p28    |     +    |      0|  0|  15|           5|           5|
    |tmp_8_fu_1042_p2      |     +    |      0|  0|  13|           4|           4|
    |tmp_s_fu_622_p2       |     +    |      0|  0|  19|          14|          14|
    |tmp_24_fu_643_p2      |     -    |      0|  0|  21|          15|          15|
    |tmp_4_fu_1063_p2      |     -    |      0|  0|  15|           5|           5|
    |tmp_6_fu_966_p2       |     -    |      0|  0|  13|           4|           4|
    |or_cond_fu_853_p2     |    and   |      0|  0|   2|           1|           1|
    |tmp_29_fu_1008_p2     |    and   |      0|  0|   2|           1|           1|
    |exitcond1_fu_1026_p2  |   icmp   |      0|  0|   8|           2|           2|
    |exitcond2_fu_942_p2   |   icmp   |      0|  0|   8|           2|           2|
    |exitcond3_fu_930_p2   |   icmp   |      0|  0|  11|           4|           5|
    |exitcond4_fu_649_p2   |   icmp   |      0|  0|   8|           2|           2|
    |exitcond5_fu_596_p2   |   icmp   |      0|  0|  11|           7|           8|
    |exitcond6_fu_556_p2   |   icmp   |      0|  0|  11|           7|           8|
    |exitcond_fu_1069_p2   |   icmp   |      0|  0|   8|           2|           2|
    |icmp5_fu_847_p2       |   icmp   |      0|  0|  11|           6|           1|
    |icmp_fu_590_p2        |   icmp   |      0|  0|  11|           6|           1|
    |notlhs_fu_990_p2      |   icmp   |      0|  0|  11|           8|           2|
    |notrhs_fu_996_p2      |   icmp   |      0|  0|  18|          23|           1|
    |ap_block_state1       |    or    |      0|  0|   2|           1|           1|
    |ap_block_state19      |    or    |      0|  0|   2|           1|           1|
    |tmp_27_fu_1002_p2     |    or    |      0|  0|   2|           1|           1|
    |sum_3_fu_1014_p3      |  select  |      0|  0|  32|           1|           1|
    +----------------------+----------+-------+---+----+------------+------------+
    |Total                 |          |      0|  0| 358|         163|         109|
    +----------------------+----------+-------+---+----+------------+------------+

    * Multiplexer: 
    +---------------+-----+-----------+-----+-----------+
    |      Name     | LUT | Input Size| Bits| Total Bits|
    +---------------+-----+-----------+-----+-----------+
    |ap_NS_fsm      |  101|         21|    1|         21|
    |ap_done        |    9|          2|    1|          2|
    |c_reg_381      |    9|          2|    7|         14|
    |ic_1_reg_463   |    9|          2|    2|          4|
    |ic_reg_393     |    9|          2|    2|          4|
    |kc_reg_440     |    9|          2|    2|          4|
    |kr_reg_417     |    9|          2|    2|          4|
    |oc_reg_405     |    9|          2|    4|          8|
    |out_0_blk_n    |    9|          2|    1|          2|
    |out_1_blk_n    |    9|          2|    1|          2|
    |out_2_blk_n    |    9|          2|    1|          2|
    |out_3_blk_n    |    9|          2|    1|          2|
    |out_4_blk_n    |    9|          2|    1|          2|
    |out_5_blk_n    |    9|          2|    1|          2|
    |out_6_blk_n    |    9|          2|    1|          2|
    |out_7_blk_n    |    9|          2|    1|          2|
    |r_reg_370      |    9|          2|    7|         14|
    |real_start     |    9|          2|    1|          2|
    |sum7_reg_428   |    9|          2|   32|         64|
    |sum_1_reg_451  |    9|          2|   32|         64|
    |sum_2_reg_474  |    9|          2|   32|         64|
    +---------------+-----+-----------+-----+-----------+
    |Total          |  281|         61|  133|        285|
    +---------------+-----+-----------+-----+-----------+

    * Register: 
    +---------------------------+----+----+-----+-----------+
    |            Name           | FF | LUT| Bits| Const Bits|
    +---------------------------+----+----+-----+-----------+
    |ap_CS_fsm                  |  20|   0|   20|          0|
    |ap_done_reg                |   1|   0|    1|          0|
    |c_1_reg_1360               |   7|   0|    7|          0|
    |c_reg_381                  |   7|   0|    7|          0|
    |ic_1_reg_463               |   2|   0|    2|          0|
    |ic_5_reg_1470              |   2|   0|    2|          0|
    |ic_6_reg_1403              |   2|   0|    2|          0|
    |ic_reg_393                 |   2|   0|    2|          0|
    |icmp_reg_1352              |   1|   0|    1|          0|
    |kc_1_reg_1457              |   2|   0|    2|          0|
    |kc_reg_440                 |   2|   0|    2|          0|
    |kr_1_reg_1428              |   2|   0|    2|          0|
    |kr_reg_417                 |   2|   0|    2|          0|
    |linbu_4_0_0_addr_reg_1370  |   6|   0|    6|          0|
    |linbu_4_0_1_addr_reg_1375  |   6|   0|    6|          0|
    |linbu_4_0_2_addr_reg_1380  |   6|   0|    6|          0|
    |linbu_4_1_0_addr_reg_1385  |   6|   0|    6|          0|
    |linbu_4_1_1_addr_reg_1390  |   6|   0|    6|          0|
    |linbu_4_1_2_addr_reg_1395  |   6|   0|    6|          0|
    |oc_2_reg_1420              |   4|   0|    4|          0|
    |oc_reg_405                 |   4|   0|    4|          0|
    |or_cond_reg_1413           |   1|   0|    1|          0|
    |r_1_reg_1342               |   7|   0|    7|          0|
    |r_reg_370                  |   7|   0|    7|          0|
    |start_once_reg             |   1|   0|    1|          0|
    |sum7_reg_428               |  32|   0|   32|          0|
    |sum_1_reg_451              |  32|   0|   32|          0|
    |sum_2_reg_474              |  32|   0|   32|          0|
    |sum_3_reg_1438             |  32|   0|   32|          0|
    |tmp_12_reg_1480            |  32|   0|   32|          0|
    |tmp_24_reg_1365            |  15|   0|   15|          0|
    |tmp_30_reg_1475            |  32|   0|   32|          0|
    |tmp_36_cast_reg_1347       |   7|   0|   14|          7|
    |tmp_4_reg_1462             |   5|   0|    5|          0|
    |tmp_6_reg_1433             |   4|   0|    4|          0|
    |tmp_74_reg_1450            |   3|   0|    3|          0|
    |win_buf_0_0_2_1_fu_122     |  32|   0|   32|          0|
    |win_buf_0_0_2_2_fu_126     |  32|   0|   32|          0|
    |win_buf_0_0_2_fu_118       |  32|   0|   32|          0|
    |win_buf_0_1_2_1_fu_134     |  32|   0|   32|          0|
    |win_buf_0_1_2_2_fu_138     |  32|   0|   32|          0|
    |win_buf_0_1_2_fu_130       |  32|   0|   32|          0|
    |win_buf_0_2_2_1_fu_146     |  32|   0|   32|          0|
    |win_buf_0_2_2_2_fu_150     |  32|   0|   32|          0|
    |win_buf_0_2_2_fu_142       |  32|   0|   32|          0|
    |win_buf_1_0_2_1_fu_158     |  32|   0|   32|          0|
    |win_buf_1_0_2_2_fu_162     |  32|   0|   32|          0|
    |win_buf_1_0_2_fu_154       |  32|   0|   32|          0|
    |win_buf_1_1_2_1_fu_170     |  32|   0|   32|          0|
    |win_buf_1_1_2_2_fu_174     |  32|   0|   32|          0|
    |win_buf_1_1_2_fu_166       |  32|   0|   32|          0|
    |win_buf_1_2_2_1_fu_182     |  32|   0|   32|          0|
    |win_buf_1_2_2_2_fu_186     |  32|   0|   32|          0|
    |win_buf_1_2_2_fu_178       |  32|   0|   32|          0|
    |win_buf_2_0_2_1_fu_194     |  32|   0|   32|          0|
    |win_buf_2_0_2_2_fu_198     |  32|   0|   32|          0|
    |win_buf_2_0_2_fu_190       |  32|   0|   32|          0|
    |win_buf_2_1_2_1_fu_206     |  32|   0|   32|          0|
    |win_buf_2_1_2_2_fu_210     |  32|   0|   32|          0|
    |win_buf_2_1_2_fu_202       |  32|   0|   32|          0|
    |win_buf_2_2_2_1_fu_218     |  32|   0|   32|          0|
    |win_buf_2_2_2_2_fu_222     |  32|   0|   32|          0|
    |win_buf_2_2_2_fu_214       |  32|   0|   32|          0|
    +---------------------------+----+----+-----+-----------+
    |Total                      |1202|   0| 1209|          7|
    +---------------------------+----+----+-----+-----------+



================================================================
== Interface
================================================================
* Summary: 
+---------------+-----+-----+------------+--------------+--------------+
|   RTL Ports   | Dir | Bits|  Protocol  | Source Object|    C Type    |
+---------------+-----+-----+------------+--------------+--------------+
|ap_clk         |  in |    1| ap_ctrl_hs |     conv1    | return value |
|ap_rst         |  in |    1| ap_ctrl_hs |     conv1    | return value |
|ap_start       |  in |    1| ap_ctrl_hs |     conv1    | return value |
|start_full_n   |  in |    1| ap_ctrl_hs |     conv1    | return value |
|ap_done        | out |    1| ap_ctrl_hs |     conv1    | return value |
|ap_continue    |  in |    1| ap_ctrl_hs |     conv1    | return value |
|ap_idle        | out |    1| ap_ctrl_hs |     conv1    | return value |
|ap_ready       | out |    1| ap_ctrl_hs |     conv1    | return value |
|start_out      | out |    1| ap_ctrl_hs |     conv1    | return value |
|start_write    | out |    1| ap_ctrl_hs |     conv1    | return value |
|in_r_address0  | out |   14|  ap_memory |     in_r     |     array    |
|in_r_ce0       | out |    1|  ap_memory |     in_r     |     array    |
|in_r_q0        |  in |   32|  ap_memory |     in_r     |     array    |
|out_0_din      | out |   32|   ap_fifo  |     out_0    |    pointer   |
|out_0_full_n   |  in |    1|   ap_fifo  |     out_0    |    pointer   |
|out_0_write    | out |    1|   ap_fifo  |     out_0    |    pointer   |
|out_1_din      | out |   32|   ap_fifo  |     out_1    |    pointer   |
|out_1_full_n   |  in |    1|   ap_fifo  |     out_1    |    pointer   |
|out_1_write    | out |    1|   ap_fifo  |     out_1    |    pointer   |
|out_2_din      | out |   32|   ap_fifo  |     out_2    |    pointer   |
|out_2_full_n   |  in |    1|   ap_fifo  |     out_2    |    pointer   |
|out_2_write    | out |    1|   ap_fifo  |     out_2    |    pointer   |
|out_3_din      | out |   32|   ap_fifo  |     out_3    |    pointer   |
|out_3_full_n   |  in |    1|   ap_fifo  |     out_3    |    pointer   |
|out_3_write    | out |    1|   ap_fifo  |     out_3    |    pointer   |
|out_4_din      | out |   32|   ap_fifo  |     out_4    |    pointer   |
|out_4_full_n   |  in |    1|   ap_fifo  |     out_4    |    pointer   |
|out_4_write    | out |    1|   ap_fifo  |     out_4    |    pointer   |
|out_5_din      | out |   32|   ap_fifo  |     out_5    |    pointer   |
|out_5_full_n   |  in |    1|   ap_fifo  |     out_5    |    pointer   |
|out_5_write    | out |    1|   ap_fifo  |     out_5    |    pointer   |
|out_6_din      | out |   32|   ap_fifo  |     out_6    |    pointer   |
|out_6_full_n   |  in |    1|   ap_fifo  |     out_6    |    pointer   |
|out_6_write    | out |    1|   ap_fifo  |     out_6    |    pointer   |
|out_7_din      | out |   32|   ap_fifo  |     out_7    |    pointer   |
|out_7_full_n   |  in |    1|   ap_fifo  |     out_7    |    pointer   |
|out_7_write    | out |    1|   ap_fifo  |     out_7    |    pointer   |
+---------------+-----+-----+------------+--------------+--------------+

