

================================================================
== Vivado HLS Report for 'conv5'
================================================================
* Date:           Tue Jun  9 11:01:44 2026

* Version:        2018.3 (Build 2405991 on Thu Dec 06 23:56:15 MST 2018)
* Project:        topp
* Solution:       solution1
* Product family: zynq
* Target device:  xc7z020clg484-1


================================================================
== Performance Estimates
================================================================
+ Timing (ns): 
    * Summary: 
    +--------+-------+----------+------------+
    |  Clock | Target| Estimated| Uncertainty|
    +--------+-------+----------+------------+
    |ap_clk  |  10.00|     7.256|        1.25|
    +--------+-------+----------+------------+

+ Latency (clock cycles): 
    * Summary: 
    +-------+----------+-------+----------+---------+
    |      Latency     |     Interval     | Pipeline|
    |  min  |    max   |  min  |    max   |   Type  |
    +-------+----------+-------+----------+---------+
    |  25921|  10246721|  25921|  10246721|   none  |
    +-------+----------+-------+----------+---------+

    + Detail: 
        * Instance: 
        N/A

        * Loop: 
        +-----------------------------+--------+----------+----------------+-----------+-----------+------+----------+
        |                             |      Latency      |    Iteration   |  Initiation Interval  | Trip |          |
        |          Loop Name          |   min  |    max   |     Latency    |  achieved |   target  | Count| Pipelined|
        +-----------------------------+--------+----------+----------------+-----------+-----------+------+----------+
        |- Loop 1                     |   25920|  10246720| 2592 ~ 1024672 |          -|          -|    10|    no    |
        | + Loop 1.1                  |    2590|   1024670|  259 ~ 102467  |          -|          -|    10|    no    |
        |  ++ Loop 1.1.1              |     256|       256|               8|          -|          -|    32|    no    |
        |  ++ Loop 1.1.2              |  102208|    102208|            3194|          -|          -|    32|    no    |
        |   +++ Loop 1.1.2.1          |    3192|      3192|            1064|          -|          -|     3|    no    |
        |    ++++ Loop 1.1.2.1.1      |    1062|      1062|             354|          -|          -|     3|    no    |
        |     +++++ Loop 1.1.2.1.1.1  |     352|       352|              11|          -|          -|    32|    no    |
        +-----------------------------+--------+----------+----------------+-----------+-----------+------+----------+



================================================================
== Utilization Estimates
================================================================
* Summary: 
+-----------------+---------+-------+--------+-------+
|       Name      | BRAM_18K| DSP48E|   FF   |  LUT  |
+-----------------+---------+-------+--------+-------+
|DSP              |        -|      -|       -|      -|
|Expression       |        -|      -|       0|    365|
|FIFO             |        -|      -|       -|      -|
|Instance         |        -|      5|     348|    711|
|Memory           |        4|      -|       0|      0|
|Multiplexer      |        -|      -|       -|    395|
|Register         |        -|      -|     474|      -|
+-----------------+---------+-------+--------+-------+
|Total            |        4|      5|     822|   1471|
+-----------------+---------+-------+--------+-------+
|Available        |      280|    220|  106400|  53200|
+-----------------+---------+-------+--------+-------+
|Utilization (%)  |        1|      2|   ~0   |      2|
+-----------------+---------+-------+--------+-------+

+ Detail: 
    * Instance: 
    +--------------------------+----------------------+---------+-------+-----+-----+
    |         Instance         |        Module        | BRAM_18K| DSP48E|  FF | LUT |
    +--------------------------+----------------------+---------+-------+-----+-----+
    |topp_fadd_32ns_32bkb_U40  |topp_fadd_32ns_32bkb  |        0|      2|  205|  390|
    |topp_fmul_32ns_32cud_U41  |topp_fmul_32ns_32cud  |        0|      3|  143|  321|
    +--------------------------+----------------------+---------+-------+-----+-----+
    |Total                     |                      |        0|      5|  348|  711|
    +--------------------------+----------------------+---------+-------+-----+-----+

    * DSP48: 
    N/A

    * Memory: 
    +-----------+---------------+---------+---+----+------+-----+------+-------------+
    |   Memory  |     Module    | BRAM_18K| FF| LUT| Words| Bits| Banks| W*Bits*Banks|
    +-----------+---------------+---------+---+----+------+-----+------+-------------+
    |win_buf_U  |conv4_win_buf  |        2|  0|   0|   288|   32|     1|         9216|
    |linbu_0_U  |conv5_linbu_0  |        1|  0|   0|   320|   32|     1|        10240|
    |linbu_1_U  |conv5_linbu_0  |        1|  0|   0|   320|   32|     1|        10240|
    +-----------+---------------+---------+---+----+------+-----+------+-------------+
    |Total      |               |        4|  0|   0|   928|   96|     3|        29696|
    +-----------+---------------+---------+---+----+------+-----+------+-------------+

    * FIFO: 
    N/A

    * Expression: 
    +-----------------------+----------+-------+---+----+------------+------------+
    |     Variable Name     | Operation| DSP48E| FF| LUT| Bitwidth P0| Bitwidth P1|
    +-----------------------+----------+-------+---+----+------------+------------+
    |c_fu_437_p2            |     +    |      0|  0|  13|           4|           1|
    |ic_1_fu_734_p2         |     +    |      0|  0|  15|           6|           1|
    |ic_fu_478_p2           |     +    |      0|  0|  15|           6|           1|
    |kc_fu_705_p2           |     +    |      0|  0|  10|           2|           1|
    |kr_fu_671_p2           |     +    |      0|  0|  10|           2|           1|
    |oc_fu_645_p2           |     +    |      0|  0|  15|           6|           1|
    |r_fu_361_p2            |     +    |      0|  0|  13|           4|           1|
    |tmp_101_fu_715_p2      |     +    |      0|  0|  15|           5|           5|
    |tmp_102_fu_744_p2      |     +    |      0|  0|  14|          10|          10|
    |tmp_32_i_fu_413_p2     |     +    |      0|  0|  13|           4|           3|
    |tmp_37_i_fu_525_p2     |     +    |      0|  0|  13|           4|           3|
    |tmp_83_fu_391_p2       |     +    |      0|  0|  15|           8|           8|
    |tmp_85_fu_447_p2       |     +    |      0|  0|  15|           8|           8|
    |tmp_89_fu_610_p2       |     +    |      0|  0|  17|          13|          13|
    |tmp_90_fu_615_p2       |     +    |      0|  0|  14|          10|          10|
    |tmp_94_fu_561_p2       |     +    |      0|  0|  15|           8|           8|
    |tmp_97_fu_535_p2       |     +    |      0|  0|  15|           8|           8|
    |tmp_98_fu_655_p2       |     +    |      0|  0|  17|          13|          13|
    |tmp_100_fu_693_p2      |     -    |      0|  0|  15|           5|           5|
    |or_cond_i_fu_520_p2    |    and   |      0|  0|   2|           1|           1|
    |exitcond1_i_fu_699_p2  |   icmp   |      0|  0|   8|           2|           2|
    |exitcond2_i_fu_665_p2  |   icmp   |      0|  0|   8|           2|           2|
    |exitcond3_i_fu_639_p2  |   icmp   |      0|  0|  11|           6|           7|
    |exitcond4_i_fu_472_p2  |   icmp   |      0|  0|  11|           6|           7|
    |exitcond5_i_fu_431_p2  |   icmp   |      0|  0|   9|           4|           4|
    |exitcond6_i_fu_355_p2  |   icmp   |      0|  0|   9|           4|           4|
    |exitcond_i_fu_728_p2   |   icmp   |      0|  0|  11|           6|           7|
    |icmp1_fu_514_p2        |   icmp   |      0|  0|   9|           3|           1|
    |icmp_fu_407_p2         |   icmp   |      0|  0|   9|           3|           1|
    |ap_block_state1        |    or    |      0|  0|   2|           1|           1|
    |tmp_91_fu_484_p2       |    xor   |      0|  0|   7|           6|           7|
    +-----------------------+----------+-------+---+----+------------+------------+
    |Total                  |          |      0|  0| 365|         170|         145|
    +-----------------------+----------+-------+---+----+------------+------------+

    * Multiplexer: 
    +------------------+-----+-----------+-----+-----------+
    |       Name       | LUT | Input Size| Bits| Total Bits|
    +------------------+-----+-----------+-----+-----------+
    |ap_NS_fsm         |  121|         26|    1|         26|
    |ap_done           |    9|          2|    1|          2|
    |c_i_reg_228       |    9|          2|    4|          8|
    |ic_1_i_reg_310    |    9|          2|    6|         12|
    |ic_i_reg_240      |    9|          2|    6|         12|
    |kc_i_reg_287      |    9|          2|    2|          4|
    |kr_i_reg_263      |    9|          2|    2|          4|
    |linbu_0_address0  |   15|          3|    9|         27|
    |linbu_1_address0  |   15|          3|    9|         27|
    |oc_i_reg_252      |    9|          2|    6|         12|
    |r_i_reg_217       |    9|          2|    4|          8|
    |reg_343           |    9|          2|   32|         64|
    |sum1_i_reg_274    |    9|          2|   32|         64|
    |sum_1_i_reg_298   |    9|          2|   32|         64|
    |sum_2_i_reg_321   |    9|          2|   32|         64|
    |win_buf_address0  |   44|          9|    9|         81|
    |win_buf_address1  |   44|          9|    9|         81|
    |win_buf_d0        |   27|          5|   32|        160|
    |win_buf_d1        |   21|          4|   32|        128|
    +------------------+-----+-----------+-----+-----------+
    |Total             |  395|         83|  260|        848|
    +------------------+-----+-----------+-----+-----------+

    * Register: 
    +------------------------+----+----+-----+-----------+
    |          Name          | FF | LUT| Bits| Const Bits|
    +------------------------+----+----+-----+-----------+
    |ap_CS_fsm               |  25|   0|   25|          0|
    |ap_done_reg             |   1|   0|    1|          0|
    |c_i_reg_228             |   4|   0|    4|          0|
    |c_reg_780               |   4|   0|    4|          0|
    |ic_1_i_reg_310          |   6|   0|    6|          0|
    |ic_1_reg_925            |   6|   0|    6|          0|
    |ic_i_reg_240            |   6|   0|    6|          0|
    |ic_reg_798              |   6|   0|    6|          0|
    |icmp_reg_767            |   1|   0|    1|          0|
    |kc_i_reg_287            |   2|   0|    2|          0|
    |kc_reg_912              |   2|   0|    2|          0|
    |kr_i_reg_263            |   2|   0|    2|          0|
    |kr_reg_899              |   2|   0|    2|          0|
    |linbu_0_addr_reg_868    |   9|   0|    9|          0|
    |linbu_1_addr_reg_873    |   9|   0|    9|          0|
    |oc_i_reg_252            |   6|   0|    6|          0|
    |oc_reg_886              |   6|   0|    6|          0|
    |or_cond_i_reg_821       |   1|   0|    1|          0|
    |out_addr_reg_891        |  11|   0|   11|          0|
    |r_i_reg_217             |   4|   0|    4|          0|
    |r_reg_757               |   4|   0|    4|          0|
    |reg_343                 |  32|   0|   32|          0|
    |reg_350                 |  32|   0|   32|          0|
    |sum1_i_reg_274          |  32|   0|   32|          0|
    |sum_1_i_reg_298         |  32|   0|   32|          0|
    |sum_2_i_reg_321         |  32|   0|   32|          0|
    |tmp_100_cast_reg_772    |   5|   0|    8|          3|
    |tmp_100_reg_904         |   5|   0|    5|          0|
    |tmp_103_cast_reg_785    |   8|   0|   13|          5|
    |tmp_105_cast_reg_790    |   4|   0|   10|          6|
    |tmp_118_cast_reg_825    |   8|   0|   13|          5|
    |tmp_124_cast_reg_917    |   5|   0|   10|          5|
    |tmp_43_i_reg_935        |  32|   0|   32|          0|
    |tmp_83_reg_762          |   7|   0|    8|          1|
    |tmp_89_reg_863          |  13|   0|   13|          0|
    |tmp_91_reg_803          |   6|   0|    6|          0|
    |win_buf_addr_2_reg_815  |   6|   0|    9|          3|
    |win_buf_addr_3_reg_830  |   6|   0|    9|          3|
    |win_buf_addr_5_reg_836  |   8|   0|    9|          1|
    |win_buf_addr_6_reg_841  |   8|   0|    9|          1|
    |win_buf_addr_8_reg_847  |   6|   0|    9|          3|
    |win_buf_addr_reg_809    |   6|   0|    9|          3|
    |win_buf_load_2_reg_853  |  32|   0|   32|          0|
    |win_buf_load_3_reg_858  |  32|   0|   32|          0|
    +------------------------+----+----+-----+-----------+
    |Total                   | 474|   0|  513|         39|
    +------------------------+----+----+-----+-----------+



================================================================
== Interface
================================================================
* Summary: 
+----------------+-----+-----+------------+--------------+--------------+
|    RTL Ports   | Dir | Bits|  Protocol  | Source Object|    C Type    |
+----------------+-----+-----+------------+--------------+--------------+
|ap_clk          |  in |    1| ap_ctrl_hs |     conv5    | return value |
|ap_rst          |  in |    1| ap_ctrl_hs |     conv5    | return value |
|ap_start        |  in |    1| ap_ctrl_hs |     conv5    | return value |
|ap_done         | out |    1| ap_ctrl_hs |     conv5    | return value |
|ap_continue     |  in |    1| ap_ctrl_hs |     conv5    | return value |
|ap_idle         | out |    1| ap_ctrl_hs |     conv5    | return value |
|ap_ready        | out |    1| ap_ctrl_hs |     conv5    | return value |
|out_r_address0  | out |   11|  ap_memory |     out_r    |     array    |
|out_r_ce0       | out |    1|  ap_memory |     out_r    |     array    |
|out_r_we0       | out |    1|  ap_memory |     out_r    |     array    |
|out_r_d0        | out |   32|  ap_memory |     out_r    |     array    |
|f4_address0     | out |   12|  ap_memory |      f4      |     array    |
|f4_ce0          | out |    1|  ap_memory |      f4      |     array    |
|f4_q0           |  in |   32|  ap_memory |      f4      |     array    |
+----------------+-----+-----+------------+--------------+--------------+

