

================================================================
== Vivado HLS Report for 'maxpool1'
================================================================
* Date:           Tue Jun  9 11:01:42 2026

* Version:        2018.3 (Build 2405991 on Thu Dec 06 23:56:15 MST 2018)
* Project:        topp
* Solution:       solution1
* Product family: zynq
* Target device:  xc7z020clg484-1


================================================================
== Performance Estimates
================================================================
+ Timing (ns): 
    * Summary: 
    +--------+-------+----------+------------+
    |  Clock | Target| Estimated| Uncertainty|
    +--------+-------+----------+------------+
    |ap_clk  |  10.00|     8.499|        1.25|
    +--------+-------+----------+------------+

+ Latency (clock cycles): 
    * Summary: 
    +-------+-------+-------+-------+---------+
    |    Latency    |    Interval   | Pipeline|
    |  min  |  max  |  min  |  max  |   Type  |
    +-------+-------+-------+-------+---------+
    |  86553|  86553|  86553|  86553|   none  |
    +-------+-------+-------+-------+---------+

    + Detail: 
        * Instance: 
        N/A

        * Loop: 
        +-----------------+-------+-------+----------+-----------+-----------+------+----------+
        |                 |    Latency    | Iteration|  Initiation Interval  | Trip |          |
        |    Loop Name    |  min  |  max  |  Latency |  achieved |   target  | Count| Pipelined|
        +-----------------+-------+-------+----------+-----------+-----------+------+----------+
        |- Loop 1         |  86552|  86552|      2792|          -|          -|    31|    no    |
        | + Loop 1.1      |   2790|   2790|        90|          -|          -|    31|    no    |
        |  ++ Loop 1.1.1  |     88|     88|        11|          -|          -|     8|    no    |
        +-----------------+-------+-------+----------+-----------+-----------+------+----------+



================================================================
== Utilization Estimates
================================================================
* Summary: 
+-----------------+---------+-------+--------+-------+
|       Name      | BRAM_18K| DSP48E|   FF   |  LUT  |
+-----------------+---------+-------+--------+-------+
|DSP              |        -|      -|       -|      -|
|Expression       |        -|      -|       0|    785|
|FIFO             |        -|      -|       -|      -|
|Instance         |        -|      0|      66|    239|
|Memory           |        -|      -|       -|      -|
|Multiplexer      |        -|      -|       -|    176|
|Register         |        -|      -|     778|      -|
+-----------------+---------+-------+--------+-------+
|Total            |        0|      0|     844|   1200|
+-----------------+---------+-------+--------+-------+
|Available        |      280|    220|  106400|  53200|
+-----------------+---------+-------+--------+-------+
|Utilization (%)  |        0|      0|   ~0   |      2|
+-----------------+---------+-------+--------+-------+

+ Detail: 
    * Instance: 
    +--------------------------+----------------------+---------+-------+----+-----+
    |         Instance         |        Module        | BRAM_18K| DSP48E| FF | LUT |
    +--------------------------+----------------------+---------+-------+----+-----+
    |topp_fcmp_32ns_32dEe_U11  |topp_fcmp_32ns_32dEe  |        0|      0|  66|  239|
    +--------------------------+----------------------+---------+-------+----+-----+
    |Total                     |                      |        0|      0|  66|  239|
    +--------------------------+----------------------+---------+-------+----+-----+

    * DSP48: 
    N/A

    * Memory: 
    N/A

    * FIFO: 
    N/A

    * Expression: 
    +-----------------------+----------+-------+---+----+------------+------------+
    |     Variable Name     | Operation| DSP48E| FF| LUT| Bitwidth P0| Bitwidth P1|
    +-----------------------+----------+-------+---+----+------------+------------+
    |c_fu_322_p2            |     +    |      0|  0|  15|           5|           1|
    |ch_fu_425_p2           |     +    |      0|  0|  13|           4|           1|
    |r_fu_206_p2            |     +    |      0|  0|  15|           5|           1|
    |tmp_57_fu_340_p2       |     +    |      0|  0|  19|          14|          14|
    |tmp_59_fu_349_p2       |     +    |      0|  0|  19|          14|          14|
    |tmp_61_fu_368_p2       |     +    |      0|  0|  19|          14|          14|
    |tmp_64_fu_385_p2       |     +    |      0|  0|  19|          14|          14|
    |tmp_67_fu_406_p2       |     +    |      0|  0|  13|          11|          11|
    |tmp_73_fu_474_p2       |     +    |      0|  0|  71|          64|          64|
    |tmp_79_fu_502_p2       |     +    |      0|  0|  71|          64|          64|
    |tmp_80_fu_507_p2       |     +    |      0|  0|  19|          14|          14|
    |tmp_51_fu_244_p2       |     -    |      0|  0|  17|          13|          13|
    |tmp_54_fu_284_p2       |     -    |      0|  0|  17|          13|          13|
    |tmp_56_fu_310_p2       |     -    |      0|  0|  13|          11|          11|
    |tmp_30_fu_584_p2       |    and   |      0|  0|   2|           1|           1|
    |tmp_32_fu_590_p2       |    and   |      0|  0|   2|           1|           1|
    |tmp_39_fu_685_p2       |    and   |      0|  0|   2|           1|           1|
    |tmp_41_fu_691_p2       |    and   |      0|  0|   2|           1|           1|
    |tmp_48_fu_775_p2       |    and   |      0|  0|   2|           1|           1|
    |tmp_50_fu_781_p2       |    and   |      0|  0|   2|           1|           1|
    |exitcond1_i_fu_316_p2  |   icmp   |      0|  0|  11|           5|           2|
    |exitcond2_i_fu_200_p2  |   icmp   |      0|  0|  11|           5|           2|
    |exitcond_i_fu_419_p2   |   icmp   |      0|  0|  11|           4|           5|
    |notlhs1_fu_566_p2      |   icmp   |      0|  0|  11|           8|           2|
    |notlhs3_fu_649_p2      |   icmp   |      0|  0|  11|           8|           2|
    |notlhs5_fu_667_p2      |   icmp   |      0|  0|  11|           8|           2|
    |notlhs7_fu_739_p2      |   icmp   |      0|  0|  11|           8|           2|
    |notlhs9_fu_757_p2      |   icmp   |      0|  0|  11|           8|           2|
    |notlhs_fu_548_p2       |   icmp   |      0|  0|  11|           8|           2|
    |notrhs2_fu_572_p2      |   icmp   |      0|  0|  18|          23|           1|
    |notrhs3_fu_763_p2      |   icmp   |      0|  0|  18|          23|           1|
    |notrhs4_fu_655_p2      |   icmp   |      0|  0|  18|          23|           1|
    |notrhs6_fu_673_p2      |   icmp   |      0|  0|  18|          23|           1|
    |notrhs8_fu_745_p2      |   icmp   |      0|  0|  18|          23|           1|
    |notrhs_fu_554_p2       |   icmp   |      0|  0|  18|          23|           1|
    |ap_block_state1        |    or    |      0|  0|   2|           1|           1|
    |tmp_13_i_fu_254_p2     |    or    |      0|  0|   6|           6|           1|
    |tmp_18_i_fu_358_p2     |    or    |      0|  0|   6|           6|           1|
    |tmp_28_fu_560_p2       |    or    |      0|  0|   2|           1|           1|
    |tmp_29_fu_578_p2       |    or    |      0|  0|   2|           1|           1|
    |tmp_37_fu_661_p2       |    or    |      0|  0|   2|           1|           1|
    |tmp_38_fu_679_p2       |    or    |      0|  0|   2|           1|           1|
    |tmp_46_fu_751_p2       |    or    |      0|  0|   2|           1|           1|
    |tmp_47_fu_769_p2       |    or    |      0|  0|   2|           1|           1|
    |tmp_69_fu_446_p2       |    or    |      0|  0|   4|           1|           4|
    |tmp_75_fu_487_p2       |    or    |      0|  0|   4|           1|           4|
    |maxv_1_fu_787_p3       |  select  |      0|  0|  64|           1|          64|
    |maxv_8_fu_596_p3       |  select  |      0|  0|  64|           1|          64|
    |maxv_s_fu_697_p3       |  select  |      0|  0|  64|           1|          64|
    +-----------------------+----------+-------+---+----+------------+------------+
    |Total                  |          |      0|  0| 785|         490|         491|
    +-----------------------+----------+-------+---+----+------------+------------+

    * Multiplexer: 
    +---------------+----+-----------+-----+-----------+
    |      Name     | LUT| Input Size| Bits| Total Bits|
    +---------------+----+-----------+-----+-----------+
    |ap_NS_fsm      |  62|         15|    1|         15|
    |ap_done        |   9|          2|    1|          2|
    |c_i_reg_162    |   9|          2|    5|         10|
    |ch_i_reg_173   |   9|          2|    4|          8|
    |f1_address0    |  27|          5|   15|         75|
    |f1_address1    |  21|          4|   15|         60|
    |grp_fu_184_p0  |  15|          3|   32|         96|
    |grp_fu_184_p1  |  15|          3|   32|         96|
    |r_i_reg_151    |   9|          2|    5|         10|
    +---------------+----+-----------+-----+-----------+
    |Total          | 176|         38|  110|        372|
    +---------------+----+-----------+-----+-----------+

    * Register: 
    +---------------------+----+----+-----+-----------+
    |         Name        | FF | LUT| Bits| Const Bits|
    +---------------------+----+----+-----+-----------+
    |ap_CS_fsm            |  14|   0|   14|          0|
    |ap_done_reg          |   1|   0|    1|          0|
    |c_i_reg_162          |   5|   0|    5|          0|
    |c_reg_825            |   5|   0|    5|          0|
    |ch_i_reg_173         |   4|   0|    4|          0|
    |ch_reg_868           |   4|   0|    4|          0|
    |maxv_1_reg_951       |  64|   0|   64|          0|
    |maxv_8_reg_914       |  64|   0|   64|          0|
    |maxv_s_reg_935       |  64|   0|   64|          0|
    |r_i_reg_151          |   5|   0|    5|          0|
    |r_reg_800            |   5|   0|    5|          0|
    |reg_188              |  32|   0|   32|          0|
    |reg_194              |  32|   0|   32|          0|
    |tmp_56_reg_817       |  11|   0|   11|          0|
    |tmp_57_cast_reg_805  |  12|   0|   14|          2|
    |tmp_57_reg_830       |  13|   0|   14|          1|
    |tmp_58_reg_835       |   0|   0|    1|          1|
    |tmp_59_reg_840       |  13|   0|   14|          1|
    |tmp_60_cast_reg_811  |  12|   0|   14|          2|
    |tmp_60_reg_845       |   0|   0|    1|          1|
    |tmp_63_reg_850       |  60|   0|   64|          4|
    |tmp_66_reg_855       |  60|   0|   64|          4|
    |tmp_72_reg_873       |  64|   0|   64|          0|
    |tmp_73_reg_883       |  64|   0|   64|          0|
    |tmp_75_reg_893       |   4|   0|    4|          0|
    |tmp_76_reg_898       |  13|   0|   13|          0|
    |tmp_77_cast_reg_860  |  11|   0|   14|          3|
    |tmp_78_reg_920       |  64|   0|   64|          0|
    |tmp_79_reg_903       |  64|   0|   64|          0|
    |tmp_80_reg_909       |  14|   0|   14|          0|
    +---------------------+----+----+-----+-----------+
    |Total                | 778|   0|  797|         19|
    +---------------------+----+----+-----+-----------+



================================================================
== Interface
================================================================
* Summary: 
+-------------+-----+-----+------------+--------------+--------------+
|  RTL Ports  | Dir | Bits|  Protocol  | Source Object|    C Type    |
+-------------+-----+-----+------------+--------------+--------------+
|ap_clk       |  in |    1| ap_ctrl_hs |   maxpool1   | return value |
|ap_rst       |  in |    1| ap_ctrl_hs |   maxpool1   | return value |
|ap_start     |  in |    1| ap_ctrl_hs |   maxpool1   | return value |
|ap_done      | out |    1| ap_ctrl_hs |   maxpool1   | return value |
|ap_continue  |  in |    1| ap_ctrl_hs |   maxpool1   | return value |
|ap_idle      | out |    1| ap_ctrl_hs |   maxpool1   | return value |
|ap_ready     | out |    1| ap_ctrl_hs |   maxpool1   | return value |
|f1_address0  | out |   15|  ap_memory |      f1      |     array    |
|f1_ce0       | out |    1|  ap_memory |      f1      |     array    |
|f1_q0        |  in |   32|  ap_memory |      f1      |     array    |
|f1_address1  | out |   15|  ap_memory |      f1      |     array    |
|f1_ce1       | out |    1|  ap_memory |      f1      |     array    |
|f1_q1        |  in |   32|  ap_memory |      f1      |     array    |
|p1_address0  | out |   13|  ap_memory |      p1      |     array    |
|p1_ce0       | out |    1|  ap_memory |      p1      |     array    |
|p1_we0       | out |    1|  ap_memory |      p1      |     array    |
|p1_d0        | out |   32|  ap_memory |      p1      |     array    |
+-------------+-----+-----+------------+--------------+--------------+

